epoch,train_ll,val_ll,train_s,val_s
1,-6989.4735,-1377.7603,2.12,0.12
2,-1369.7379,-729.5939,1.23,0.04
3,-722.6481,-499.6291,1.24,0.04
4,-490.8292,-451.8773,1.25,0.05
5,-441.5878,-437.9892,1.25,0.04
6,-425.9972,-430.2511,1.23,0.04
7,-417.2403,-424.0550,1.24,0.04
8,-410.5061,-418.5522,1.25,0.04
9,-404.3496,-413.5907,1.25,0.04
10,-398.6542,-409.1559,1.24,0.04
11,-393.1579,-405.0812,1.25,0.04
12,-388.3247,-401.3308,1.26,0.04
13,-384.5693,-397.8853,1.24,0.04
14,-379.9496,-394.5854,1.24,0.05
15,-375.9134,-391.4669,1.24,0.04
16,-372.3857,-388.5648,1.24,0.04
17,-368.2693,-385.7579,1.24,0.04
18,-365.1268,-383.0752,1.24,0.04
19,-362.4137,-380.4957,1.25,0.04
20,-359.5579,-378.0716,1.24,0.04
21,-356.0554,-375.6739,1.25,0.04
22,-352.8920,-373.6524,1.25,0.04
23,-350.7807,-371.5999,1.24,0.04
24,-348.1661,-369.6614,1.25,0.05
25,-345.5288,-367.8115,1.24,0.04
26,-343.7553,-366.1278,1.25,0.04
27,-341.5350,-364.4663,1.25,0.04
28,-339.5502,-362.8345,1.24,0.05
29,-337.3725,-361.3128,1.24,0.04
30,-335.2398,-359.8705,1.25,0.04
31,-333.7223,-358.5676,1.24,0.04
32,-331.9191,-357.4521,1.25,0.04
33,-330.5149,-356.0586,1.24,0.04
34,-328.7947,-354.7430,1.25,0.04
35,-326.8671,-353.4247,1.24,0.04
36,-324.8157,-352.1730,1.24,0.04
37,-323.7538,-350.9412,1.24,0.04
38,-322.0569,-349.7247,1.24,0.04
39,-320.6095,-348.4270,1.24,0.04
40,-319.0826,-347.3353,1.24,0.04
41,-317.4502,-345.8975,1.47,0.05
42,-315.8584,-344.8177,1.24,0.04
43,-314.5602,-343.6932,1.25,0.04
44,-313.1840,-342.6781,1.24,0.04
45,-311.8697,-341.7729,1.24,0.05
46,-310.8640,-340.6773,1.25,0.04
47,-309.2846,-339.6956,1.24,0.04
48,-308.1046,-338.9587,1.24,0.04
49,-306.8206,-337.9264,1.25,0.05
50,-305.9136,-337.0005,1.23,0.04
51,-305.3090,-336.1658,1.24,0.04
52,-303.9266,-335.2660,1.25,0.04
53,-302.9384,-334.5860,1.24,0.04
54,-301.6483,-333.8417,1.25,0.04
55,-300.7693,-333.1398,1.23,0.04
56,-300.0244,-332.4802,1.24,0.04
57,-299.1638,-331.6244,1.25,0.04
58,-298.6947,-331.1203,1.24,0.04
59,-297.5350,-330.3328,1.24,0.04
60,-296.5607,-329.7070,1.24,0.04
61,-295.9564,-329.2448,1.24,0.04
62,-294.9388,-328.6039,1.24,0.04
63,-294.6486,-327.9397,1.47,0.04
64,-293.5671,-327.4869,1.24,0.04
65,-292.7603,-326.8966,1.24,0.04
66,-292.4801,-326.2555,1.23,0.04
67,-291.6613,-325.6182,1.23,0.04
68,-290.8807,-325.2103,1.24,0.04
69,-290.3210,-324.6996,1.24,0.04
70,-289.6963,-324.1404,1.25,0.04
71,-288.7424,-323.4793,1.25,0.05
72,-288.2674,-322.9671,1.24,0.04
73,-287.5277,-322.3895,1.24,0.04
74,-286.7907,-321.8773,1.24,0.04
75,-286.1203,-321.3578,1.24,0.04
76,-285.6187,-320.8851,1.25,0.04
77,-284.7949,-320.5280,1.24,0.04
78,-284.0880,-319.9769,1.24,0.04
79,-283.7752,-319.6758,1.25,0.04
80,-283.2544,-319.3001,1.25,0.04
81,-282.7803,-318.9049,1.24,0.04
82,-282.0345,-318.3488,1.25,0.04
83,-281.6089,-318.1811,1.24,0.04
84,-281.4809,-317.9035,1.24,0.04
85,-280.7651,-317.3864,1.48,0.04
86,-280.4415,-317.2071,1.24,0.04
87,-279.6722,-316.7903,1.24,0.04
88,-279.3708,-316.4869,1.24,0.04
89,-278.7949,-315.9851,1.24,0.04
90,-278.3790,-315.7995,1.24,0.05
91,-277.8873,-315.6055,1.26,0.04
92,-277.6866,-315.3099,1.24,0.04
93,-277.2631,-315.0447,1.24,0.05
94,-276.7487,-314.5672,1.25,0.04
95,-276.7195,-314.2554,1.24,0.04
96,-275.8301,-313.9121,1.24,0.04
97,-275.4825,-313.5410,1.25,0.04
98,-274.9962,-313.1604,1.24,0.05
99,-274.6351,-312.7686,1.23,0.04
100,-274.3523,-312.5450,1.24,0.04
101,-273.6114,-312.1765,1.24,0.04
102,-273.4619,-311.8337,1.24,0.04
103,-272.9740,-311.5903,1.24,0.04
104,-272.4136,-311.1397,1.24,0.04
105,-272.2259,-311.0572,1.24,0.04
106,-271.7859,-310.8071,1.25,0.04
107,-271.5842,-310.6917,1.51,0.04
108,-271.1630,-310.4363,1.23,0.04
109,-271.1448,-310.1805,1.24,0.04
110,-270.6543,-309.7336,1.24,0.04
111,-270.1032,-309.6456,1.24,0.04
112,-269.7257,-309.1973,1.24,0.05
113,-269.4709,-308.9930,1.23,0.04
114,-268.9028,-308.6687,1.24,0.04
115,-268.7443,-308.5672,1.25,0.04
116,-268.4467,-308.1994,1.25,0.04
117,-268.1895,-307.8980,1.24,0.04
118,-268.0464,-307.6143,1.24,0.04
119,-267.8807,-307.3732,1.25,0.04
120,-267.1886,-307.3285,1.24,0.04
121,-266.9464,-307.2686,1.24,0.04
122,-266.8554,-306.9235,1.24,0.04
123,-266.7176,-306.8505,1.23,0.04
124,-266.5358,-306.7093,1.24,0.04
125,-266.3839,-306.5154,1.25,0.04
126,-265.7589,-306.3027,1.24,0.04
127,-265.5840,-306.2731,1.24,0.04
128,-265.5255,-306.0867,1.25,0.04
129,-265.3425,-305.9007,1.48,0.04
130,-265.2215,-305.7106,1.25,0.04
131,-264.7241,-305.3052,1.24,0.04
132,-264.3869,-305.1518,1.24,0.04
133,-264.2887,-305.0312,1.24,0.04
134,-264.1629,-304.9083,1.24,0.05
135,-263.8915,-304.8054,1.23,0.04
136,-263.6853,-304.6347,1.24,0.04
137,-263.6026,-304.4869,1.23,0.04
138,-263.3508,-304.4858,1.23,0.04
139,-262.8856,-304.3031,1.24,0.04
140,-262.9127,-304.1528,1.24,0.04
141,-262.5998,-303.8318,1.24,0.04
142,-262.3265,-303.7632,1.24,0.04
143,-262.1242,-303.5279,1.25,0.04
144,-261.6411,-303.3521,1.24,0.04
145,-261.6296,-303.2964,1.24,0.04
146,-261.3177,-302.9977,1.24,0.05
147,-260.8887,-302.6582,1.24,0.04
148,-261.1241,-302.7427,1.24,0.04
149,-260.8409,-302.6537,1.23,0.04
150,-260.6289,-302.3468,1.24,0.04
151,-260.4160,-302.3536,1.23,0.04
152,-260.3245,-302.2728,1.24,0.04
153,-260.3359,-302.1658,1.24,0.04
154,-260.0398,-301.9685,1.24,0.04
155,-259.8043,-301.7494,1.24,0.04
156,-259.7567,-301.6660,1.24,0.04
157,-259.4327,-301.6081,1.25,0.04
158,-259.4886,-301.5241,1.24,0.04
159,-259.1669,-301.5050,1.24,0.04
160,-259.0719,-301.3302,1.25,0.04
161,-258.6387,-301.1120,1.24,0.04
162,-258.4334,-300.7453,1.24,0.04
163,-257.9985,-300.6453,1.24,0.04
164,-257.8394,-300.4350,1.24,0.04
165,-257.6425,-300.3960,1.24,0.04
166,-257.2046,-300.2600,1.25,0.04
167,-257.4215,-300.2233,1.24,0.04
168,-257.4391,-300.1670,1.24,0.05
169,-257.0654,-300.1025,1.24,0.04
170,-256.9545,-300.0738,1.24,0.04
171,-256.9509,-299.8642,1.24,0.04
172,-256.9950,-299.6870,1.23,0.04
173,-256.5386,-299.6202,1.24,0.05
174,-256.3870,-299.5240,1.23,0.04
175,-255.9626,-299.4158,1.22,0.04
176,-256.0226,-299.4985,1.23,0.04
177,-256.0958,-299.3623,1.23,0.04
178,-255.7867,-299.1976,1.24,0.04
179,-255.7207,-299.0198,1.24,0.04
180,-255.7938,-298.9674,1.24,0.04
181,-255.5573,-298.7539,1.24,0.04
182,-255.4369,-298.6894,1.24,0.04
183,-255.3915,-298.6491,1.25,0.04
184,-255.2779,-298.8941,1.23,0.04
185,-255.0560,-298.4945,1.22,0.04
186,-254.9740,-298.3432,1.24,0.04
187,-254.6995,-298.3708,1.25,0.04
188,-254.6732,-298.1653,1.24,0.04
189,-254.3827,-297.8557,1.24,0.04
190,-254.1988,-297.8261,1.24,0.04
191,-253.9857,-297.5411,1.24,0.04
192,-253.8736,-297.4470,1.24,0.04
193,-253.9849,-297.3813,1.24,0.05
194,-253.7009,-297.3594,1.24,0.04
195,-253.2592,-297.0966,1.25,0.04
196,-253.4014,-297.0534,1.24,0.04
197,-253.2441,-296.7326,1.24,0.04
198,-253.1845,-296.7507,1.23,0.04
199,-252.6854,-296.7173,1.23,0.04
200,-252.6975,-296.5096,1.23,0.04
201,-252.8737,-296.5922,1.24,0.04
202,-252.4401,-296.3933,1.23,0.04
203,-252.4182,-296.2889,1.24,0.04
204,-252.0529,-296.1503,1.24,0.04
205,-251.8993,-296.0199,1.25,0.04
206,-251.8368,-295.9386,1.25,0.04
207,-251.8034,-295.9430,1.24,0.04
208,-251.5994,-295.7982,1.23,0.04
209,-251.5095,-295.7628,1.25,0.04
210,-251.3960,-295.5881,1.24,0.04
211,-251.1285,-295.4048,1.24,0.04
212,-251.0768,-295.2785,1.25,0.04
213,-250.7118,-295.0706,1.24,0.04
214,-250.5070,-294.9563,1.24,0.04
215,-250.5756,-294.7561,1.24,0.04
216,-250.5496,-294.6666,1.24,0.04
217,-250.0911,-294.5957,1.24,0.04
218,-250.1019,-294.6963,1.47,0.04
219,-249.8708,-294.5079,1.23,0.04
220,-250.1666,-294.5038,1.24,0.05
221,-249.8230,-294.3292,1.25,0.04
222,-249.6125,-294.2400,1.24,0.04
223,-249.7821,-294.1853,1.25,0.05
224,-249.4499,-293.9400,1.25,0.04
225,-249.5225,-293.9062,1.24,0.04
226,-249.4638,-293.8352,1.23,0.04
227,-249.1539,-293.7293,1.24,0.04
228,-249.1068,-293.5240,1.24,0.04
229,-249.0570,-293.5118,1.23,0.04
230,-248.9255,-293.4657,1.24,0.04
231,-248.6818,-293.2765,1.24,0.04
232,-248.7372,-293.3398,1.23,0.04
233,-248.3280,-293.2891,1.22,0.04
234,-248.5161,-293.2610,1.22,0.04
235,-248.6598,-293.3156,1.24,0.04
236,-248.2464,-293.2245,1.23,0.04
237,-248.0789,-293.0420,1.24,0.04
238,-248.1377,-293.0539,1.24,0.04
239,-248.0005,-292.8966,1.23,0.04
240,-247.9462,-292.7906,1.25,0.04
241,-248.0775,-292.8450,1.24,0.04
242,-247.6745,-292.7779,1.47,0.04
243,-247.7520,-292.7492,1.25,0.04
244,-247.6965,-292.6462,1.24,0.04
245,-247.5148,-292.6900,1.24,0.04
246,-247.4512,-292.4963,1.23,0.04
247,-247.4672,-292.3524,1.24,0.04
248,-247.4834,-292.4555,1.25,0.04
249,-247.1948,-292.2400,1.23,0.04
250,-247.0998,-292.0423,1.25,0.04
251,-246.7573,-291.7932,1.48,0.04
252,-246.6369,-291.8086,1.25,0.04
253,-246.5185,-291.6731,1.23,0.04
254,-246.5613,-291.5454,1.24,0.04
255,-246.2825,-291.3776,1.24,0.04
256,-246.1658,-291.4476,1.24,0.04
257,-246.1657,-291.1986,1.23,0.04
258,-245.9963,-291.2167,1.24,0.04
259,-245.9064,-291.1391,1.24,0.05
260,-246.0049,-291.0090,1.25,0.04
261,-245.5795,-291.1702,1.46,0.04
262,-245.4545,-291.0259,1.23,0.04
263,-245.6256,-291.1996,1.23,0.04
264,-245.4395,-291.0178,1.23,0.04
265,-245.4522,-291.0279,1.23,0.04
266,-245.1413,-290.9145,1.23,0.04
267,-245.2391,-290.9818,1.24,0.04
268,-245.1055,-290.8532,1.24,0.04
269,-244.9871,-290.8569,1.24,0.04
270,-244.9866,-290.7097,1.23,0.04
271,-244.9850,-290.6537,1.24,0.04
272,-244.9409,-290.6188,1.25,0.04
273,-244.6633,-290.5321,1.24,0.04
274,-244.5925,-290.5152,1.24,0.04
275,-244.3693,-290.4561,1.25,0.04
276,-244.0244,-290.4216,1.24,0.04
277,-244.1033,-290.3590,1.24,0.04
278,-244.0060,-290.2717,1.25,0.04
279,-243.7998,-290.2341,1.24,0.05
280,-244.0288,-290.0084,1.24,0.04
281,-243.8738,-290.1214,1.25,0.04
282,-243.7301,-289.9184,1.23,0.04
283,-243.5365,-289.8714,1.23,0.04
284,-243.4589,-289.8872,1.24,0.04
285,-243.3269,-289.6450,1.23,0.04
286,-243.1587,-289.7287,1.24,0.04
287,-243.2744,-289.5892,1.23,0.04
288,-242.9977,-289.5783,1.24,0.04
289,-242.9712,-289.5088,1.24,0.04
290,-242.9873,-289.3786,1.24,0.04
291,-242.7704,-289.3280,1.25,0.05
292,-242.7219,-289.2931,1.25,0.04
293,-242.5671,-289.3056,1.26,0.04
294,-242.6774,-289.3958,1.24,0.04
295,-242.5843,-289.1116,1.24,0.04
296,-242.5711,-289.0731,1.25,0.04
297,-242.6143,-289.0641,1.25,0.04
298,-242.5611,-289.0621,1.25,0.04
299,-242.4111,-289.0541,1.24,0.04
300,-242.2988,-289.0660,1.26,0.04
301,-242.3194,-289.0185,1.23,0.04
302,-242.2217,-288.9127,1.24,0.04
303,-242.2907,-288.9828,1.24,0.04
304,-242.4115,-288.8662,1.23,0.04
305,-242.0076,-288.8257,1.25,0.04
306,-241.8477,-288.7124,1.25,0.04
307,-241.8934,-288.8379,1.24,0.04
308,-241.9613,-288.7752,1.23,0.04
309,-241.7328,-288.7888,1.24,0.04
310,-241.6801,-288.7037,1.23,0.04
311,-241.8015,-288.6554,1.24,0.04
312,-241.5129,-288.6913,1.24,0.04
313,-241.5796,-288.6187,1.23,0.04
314,-241.5947,-288.6472,1.24,0.04
315,-241.5124,-288.7455,1.23,0.04
316,-241.6890,-288.5430,1.23,0.04
317,-241.6573,-288.5557,1.24,0.04
318,-241.3060,-288.5179,1.23,0.04
319,-241.2542,-288.5211,1.25,0.04
320,-241.2075,-288.4862,1.24,0.05
321,-241.2905,-288.3788,1.24,0.04
322,-240.9497,-288.2819,1.24,0.04
323,-240.9015,-288.2088,1.24,0.05
324,-241.0292,-288.1592,1.24,0.04
325,-241.0455,-288.1232,1.23,0.04
326,-240.9257,-288.2020,1.24,0.04
327,-241.0055,-288.1672,1.23,0.04
328,-240.5652,-288.2620,1.23,0.04
329,-240.7319,-288.0089,1.23,0.04
330,-240.6814,-288.0448,1.24,0.04
331,-240.6260,-287.9684,1.23,0.04
332,-240.5355,-288.0396,1.24,0.04
333,-240.3565,-287.9159,1.23,0.04
334,-240.4539,-287.7332,1.25,0.04
335,-240.3260,-287.7424,1.24,0.04
336,-240.2918,-287.6353,1.24,0.04
337,-240.3671,-287.7451,1.24,0.04
338,-240.4495,-287.6138,1.23,0.04
339,-240.2322,-287.5496,1.25,0.04
340,-240.0491,-287.7107,1.25,0.04
341,-239.9121,-287.6951,1.23,0.04
342,-239.9139,-287.7455,1.23,0.04
343,-240.2820,-287.5264,1.23,0.04
344,-239.9533,-287.5578,1.24,0.04
345,-239.8802,-287.5307,1.24,0.04
346,-239.7469,-287.2572,1.24,0.04
347,-239.7285,-287.2336,1.24,0.04
348,-239.6352,-287.2648,1.25,0.04
349,-239.5223,-287.0603,1.24,0.04
350,-239.2854,-287.2965,1.25,0.04
351,-239.3462,-287.0778,1.24,0.04
352,-239.3106,-287.0967,1.24,0.04
353,-239.0250,-287.0695,1.24,0.04
354,-239.0525,-286.9375,1.23,0.04
355,-238.9383,-287.0021,1.25,0.04
356,-239.1672,-287.0240,1.24,0.04
357,-238.8151,-286.7270,1.24,0.04
358,-238.9066,-286.7593,1.24,0.04
359,-238.6964,-286.8182,1.24,0.04
360,-238.6897,-286.6479,1.24,0.05
361,-238.6560,-286.7717,1.24,0.04
362,-238.5897,-286.6752,1.23,0.04
363,-238.7233,-286.5075,1.24,0.05
364,-238.4902,-286.5751,1.25,0.05
365,-238.2775,-286.4460,1.24,0.05
366,-238.2496,-286.5758,1.24,0.04
367,-238.2264,-286.4266,1.24,0.04
368,-238.0853,-286.3218,1.24,0.04
369,-238.1193,-286.1691,1.24,0.04
370,-238.1013,-286.1384,1.25,0.04
371,-237.8920,-286.3229,1.24,0.04
372,-237.8718,-286.2896,1.23,0.05
373,-238.0436,-286.3341,1.24,0.04
374,-237.8714,-286.3036,1.23,0.04
375,-237.9353,-286.2894,1.23,0.04
376,-237.8983,-286.2364,1.23,0.04
377,-237.8793,-286.1974,1.23,0.04
378,-237.7720,-286.2526,1.24,0.04
379,-238.0037,-286.2308,1.23,0.05
380,-237.8515,-286.0113,1.23,0.04
381,-237.6689,-286.0998,1.25,0.04
382,-237.6933,-286.1212,1.24,0.04
383,-237.5024,-286.1201,1.24,0.04
384,-237.7393,-285.9751,1.24,0.04
385,-237.4792,-285.8896,1.24,0.04
386,-237.5788,-285.8218,1.24,0.04
387,-237.5047,-285.9706,1.25,0.04
388,-237.7055,-285.8977,1.24,0.04
389,-237.3312,-285.8826,1.23,0.04
390,-237.1444,-285.8244,1.24,0.04
391,-237.1886,-285.8713,1.24,0.04
392,-237.2587,-285.8288,1.24,0.04
393,-237.4927,-285.7438,1.23,0.04
394,-237.5340,-285.7444,1.24,0.04
395,-237.3175,-285.5606,1.24,0.04
396,-237.2499,-285.6295,1.24,0.04
397,-237.0442,-285.7292,1.24,0.05
398,-236.7876,-285.6894,1.23,0.05
399,-236.8010,-285.7213,1.24,0.04
400,-236.9148,-285.7645,1.24,0.04
401,-236.9801,-285.8869,1.24,0.04
402,-236.7289,-285.5760,1.24,0.04
403,-236.6605,-285.5197,1.24,0.04
404,-236.5422,-285.4773,1.25,0.04
405,-236.2827,-285.4924,1.23,0.04
406,-236.2745,-285.4541,1.23,0.04
407,-236.2368,-285.2575,1.24,0.04
408,-236.3198,-285.5131,1.25,0.04
409,-236.1403,-285.1741,1.23,0.04
410,-236.2170,-285.0353,1.24,0.05
411,-236.3344,-284.9814,1.24,0.04
412,-235.8507,-284.8432,1.24,0.04
413,-236.1257,-284.8581,1.24,0.04
414,-236.0350,-284.9205,1.23,0.04
415,-235.7846,-284.7348,1.24,0.04
416,-235.5591,-284.7135,1.24,0.04
417,-235.7508,-284.7691,1.24,0.04
418,-235.6958,-284.7615,1.23,0.04
419,-235.4768,-284.7849,1.24,0.04
420,-235.5457,-284.6259,1.23,0.04
421,-235.7192,-284.6986,1.24,0.04
422,-235.5242,-284.5563,1.23,0.04
423,-235.2588,-284.3103,1.25,0.04
424,-235.3189,-284.4609,1.25,0.04
425,-235.1385,-284.3467,1.24,0.04
426,-235.1544,-284.1682,1.23,0.04
427,-234.9257,-284.3092,1.24,0.04
428,-234.9329,-284.2498,1.23,0.04
429,-234.9254,-284.1462,1.24,0.04
430,-235.0114,-284.2421,1.24,0.04
431,-234.9706,-284.1111,1.23,0.04
432,-234.8449,-283.9957,1.24,0.04
433,-234.8473,-283.9607,1.24,0.04
434,-234.9782,-283.9332,1.24,0.04
435,-234.7924,-283.8635,1.24,0.04
436,-234.8364,-283.9541,1.26,0.04
437,-234.7355,-283.8489,1.24,0.04
438,-234.6375,-284.0271,1.25,0.04
439,-234.8198,-283.8135,1.24,0.04
440,-234.6261,-283.8497,1.24,0.04
441,-234.4363,-283.6944,1.24,0.04
442,-234.5356,-283.7422,1.25,0.04
443,-234.4108,-283.8545,1.23,0.04
444,-234.3726,-283.6909,1.23,0.04
445,-234.4681,-283.4951,1.25,0.04
446,-234.2608,-283.4552,1.25,0.04
447,-234.3055,-283.4598,1.24,0.04
448,-234.1667,-283.4995,1.24,0.04
449,-233.8561,-283.4259,1.23,0.04
450,-233.9239,-283.2336,1.25,0.04
451,-233.9014,-283.1617,1.25,0.04
452,-233.8292,-283.2328,1.24,0.05
453,-233.8986,-282.9595,1.23,0.04
454,-233.4354,-282.7773,1.24,0.04
455,-233.3667,-282.8663,1.24,0.04
456,-233.4269,-282.7316,1.23,0.04
457,-233.3164,-282.7082,1.24,0.05
458,-233.4621,-282.6145,1.25,0.04
459,-233.3430,-282.6292,1.25,0.04
460,-233.1394,-282.5308,1.46,0.04
461,-233.0130,-282.4213,1.25,0.04
462,-233.1554,-282.4436,1.25,0.04
463,-232.9295,-282.4731,1.23,0.04
464,-232.8374,-282.3179,1.23,0.04
465,-232.8388,-282.4197,1.26,0.05
466,-232.9143,-282.2787,1.23,0.04
467,-232.7287,-282.2370,1.25,0.04
468,-232.7878,-282.2605,1.25,0.04
469,-232.8117,-282.2975,1.23,0.05
470,-232.7670,-282.1697,1.24,0.04
471,-232.6706,-282.1025,1.24,0.04
472,-232.8522,-282.0559,1.24,0.04
473,-232.5332,-282.0635,1.25,0.04
474,-232.5408,-282.1135,1.23,0.04
475,-232.8211,-282.0806,1.24,0.05
476,-232.3590,-282.0572,1.23,0.04
477,-232.3320,-281.8779,1.24,0.04
478,-232.4262,-281.9283,1.25,0.04
479,-232.3964,-281.8418,1.24,0.04
480,-232.6167,-281.8112,1.25,0.04
481,-232.2628,-281.8529,1.24,0.04
482,-232.4628,-281.7402,1.23,0.04
483,-232.3468,-281.7574,1.24,0.04
484,-232.2355,-281.8978,1.23,0.04
485,-232.2863,-281.8255,1.23,0.04
486,-232.2736,-281.8890,1.23,0.04
487,-232.2184,-281.9331,1.24,0.04
488,-232.2783,-281.9423,1.23,0.04
489,-232.2118,-281.7823,1.24,0.04
490,-232.3480,-281.7500,1.24,0.04
491,-232.0711,-281.7002,1.24,0.04
492,-232.0462,-281.7931,1.24,0.04
493,-231.9195,-281.8399,1.23,0.04
494,-232.0683,-281.7518,1.24,0.04
495,-231.9022,-281.5957,1.23,0.05
496,-231.9789,-281.7276,1.24,0.04
497,-231.6773,-281.5870,1.23,0.04
498,-231.6652,-281.5819,1.24,0.04
499,-231.8387,-281.5458,1.25,0.05
500,-231.7936,-281.6206,1.24,0.04
501,-231.7267,-281.6125,1.23,0.04
502,-231.7951,-281.5345,1.23,0.05
503,-231.8199,-281.5578,1.24,0.04
504,-231.5713,-281.4389,1.23,0.04
505,-231.5998,-281.4594,1.24,0.04
506,-231.6921,-281.3063,1.24,0.04
507,-231.2567,-281.2386,1.24,0.04
508,-231.4717,-281.2108,1.25,0.05
509,-231.5088,-281.0824,1.24,0.04
510,-231.2915,-281.1206,1.24,0.04
511,-231.2773,-281.0100,1.24,0.05
512,-231.2122,-281.0592,1.24,0.04
513,-231.2181,-281.1432,1.22,0.04
514,-231.1213,-281.1738,1.23,0.04
515,-231.3697,-281.0590,1.23,0.04
516,-231.0653,-281.0579,1.23,0.05
517,-231.3617,-281.2026,1.23,0.04
518,-230.9394,-281.2609,1.23,0.04
519,-231.0309,-281.1629,1.23,0.04
520,-230.9664,-281.0768,1.24,0.05
521,-230.9758,-281.0906,1.23,0.04
522,-230.9243,-281.0060,1.24,0.05
523,-230.8609,-281.0280,1.25,0.05
524,-231.0286,-280.9757,1.25,0.04
525,-230.9482,-281.1379,1.24,0.04
526,-230.8520,-280.9763,1.23,0.04
527,-230.7968,-280.9783,1.23,0.04
528,-230.9978,-281.0825,1.23,0.04
529,-230.8375,-281.0098,1.24,0.04
530,-230.9447,-281.0678,1.23,0.05
531,-230.7813,-281.0716,1.23,0.05
532,-230.7788,-280.9854,1.23,0.04
533,-230.8482,-280.9297,1.23,0.04
534,-231.0085,-280.9406,1.25,0.04
535,-230.8921,-280.8327,1.23,0.04
536,-230.6926,-280.9342,1.23,0.04
537,-230.6105,-281.0582,1.23,0.04
538,-230.7152,-280.9340,1.23,0.04
539,-230.6350,-280.8961,1.24,0.04
540,-230.8174,-280.9001,1.23,0.04
541,-230.6242,-280.9481,1.24,0.04
542,-230.5293,-280.8150,1.24,0.04
543,-230.4125,-280.8884,1.25,0.04
544,-230.5005,-280.8695,1.24,0.04
545,-230.5799,-280.8366,1.24,0.04
546,-230.3875,-280.9151,1.24,0.04
547,-230.2199,-280.9297,1.24,0.04
548,-230.1685,-280.7635,1.23,0.04
549,-230.4826,-280.7695,1.25,0.04
550,-230.2297,-280.8028,1.24,0.04
551,-230.2095,-280.6711,1.24,0.05
552,-230.1918,-280.7067,1.24,0.04
553,-230.4570,-280.7843,1.24,0.04
554,-230.1672,-280.7312,1.24,0.04
555,-230.1041,-280.6954,1.24,0.04
556,-230.0332,-280.7399,1.24,0.04
557,-230.1363,-280.7553,1.24,0.04
558,-230.0534,-280.8419,1.24,0.04
559,-230.1029,-280.8223,1.24,0.04
560,-229.8575,-280.9483,1.24,0.05
561,-230.0366,-280.7501,1.24,0.04
562,-229.8584,-280.6751,1.24,0.05
563,-229.9502,-280.6329,1.24,0.05
564,-230.2273,-280.6604,1.24,0.05
565,-229.8901,-280.5322,1.23,0.04
566,-229.9734,-280.6413,1.25,0.05
567,-229.8988,-280.5621,1.23,0.04
568,-229.8333,-280.7614,1.23,0.04
569,-229.8483,-280.5782,1.24,0.05
570,-229.7958,-280.6384,1.24,0.04
571,-229.7445,-280.5739,1.24,0.04
572,-229.7915,-280.5207,1.24,0.04
573,-229.7392,-280.4695,1.25,0.04
574,-229.8304,-280.4345,1.24,0.04
575,-229.6672,-280.4521,1.24,0.04
576,-229.5486,-280.4933,1.23,0.04
577,-229.7289,-280.4618,1.23,0.04
578,-229.7660,-280.5913,1.23,0.04
579,-229.7259,-280.4003,1.23,0.04
580,-229.6230,-280.3840,1.23,0.04
581,-229.6668,-280.3826,1.23,0.04
582,-229.3486,-280.3528,1.25,0.04
583,-229.4643,-280.3455,1.25,0.04
584,-229.5458,-280.2428,1.24,0.04
585,-229.2646,-280.2326,1.24,0.04
586,-229.4019,-280.3095,1.25,0.04
587,-229.3118,-280.1910,1.23,0.04
588,-229.3201,-280.1833,1.24,0.04
589,-229.3601,-280.1593,1.24,0.04
590,-229.3862,-280.1634,1.24,0.04
591,-229.2421,-280.1953,1.23,0.04
592,-229.0717,-280.2808,1.23,0.04
593,-229.2699,-280.1308,1.23,0.04
594,-229.1887,-280.1699,1.25,0.04
595,-229.1628,-280.1977,1.23,0.04
596,-229.2119,-280.2480,1.23,0.04
597,-229.1327,-280.4328,1.23,0.04
598,-229.1379,-280.3320,1.23,0.04
599,-229.1648,-280.2232,1.23,0.04
600,-229.0703,-280.3642,1.23,0.04
601,-229.0681,-280.1622,1.24,0.04
602,-229.1854,-280.1243,1.23,0.04
603,-228.9115,-280.2203,1.24,0.04
604,-229.1915,-280.0194,1.24,0.04
605,-228.9756,-280.2891,1.24,0.04
606,-228.8271,-280.1964,1.23,0.04
607,-228.7852,-280.1953,1.23,0.04
608,-229.0479,-280.1969,1.24,0.04
609,-228.8359,-280.0153,1.24,0.04
610,-229.0891,-280.0868,1.25,0.04
611,-228.8627,-280.0976,1.23,0.04
612,-228.8264,-280.0108,1.23,0.04
613,-228.9436,-279.9301,1.24,0.04
614,-228.8737,-279.8173,1.24,0.04
615,-228.7766,-279.8126,1.24,0.04
616,-228.5235,-279.8643,1.24,0.04
617,-228.7409,-279.8418,1.24,0.04
618,-228.7319,-279.7888,1.23,0.04
619,-228.6190,-279.8129,1.25,0.04
620,-228.6499,-279.6845,1.24,0.04
621,-228.4765,-279.6663,1.24,0.04
622,-228.3726,-279.6369,1.24,0.04
623,-228.3176,-279.6300,1.25,0.04
624,-228.3571,-279.5961,1.24,0.04
625,-228.3407,-279.5446,1.24,0.04
626,-228.2437,-279.5644,1.24,0.04
627,-228.3317,-279.5397,1.24,0.04
628,-228.1523,-279.5064,1.24,0.05
629,-228.1776,-279.4871,1.24,0.04
630,-228.1438,-279.4394,1.25,0.04
631,-228.1457,-279.4691,1.24,0.05
632,-227.9210,-279.6604,1.23,0.04
633,-228.1016,-279.4484,1.23,0.04
634,-228.1093,-279.4651,1.23,0.04
635,-228.0167,-279.3800,1.23,0.05
636,-227.9693,-279.3508,1.24,0.04
637,-227.8581,-279.2601,1.24,0.04
638,-227.9078,-279.1992,1.24,0.04
639,-227.7438,-279.3084,1.24,0.04
640,-227.7632,-279.3267,1.24,0.04
641,-227.7089,-279.1471,1.24,0.04
642,-227.7975,-279.1023,1.24,0.04
643,-227.8497,-279.0569,1.24,0.04
644,-227.8957,-279.1692,1.24,0.04
645,-227.5965,-279.1118,1.23,0.04
646,-227.6589,-278.8855,1.23,0.04
647,-227.5785,-278.9993,1.24,0.04
648,-227.6199,-278.8617,1.23,0.04
649,-227.4299,-279.1163,1.24,0.04
650,-227.4177,-278.9061,1.23,0.04
651,-227.3296,-278.8929,1.24,0.04
652,-227.2467,-279.0899,1.24,0.04
653,-227.2968,-279.1243,1.24,0.05
654,-227.4638,-279.0261,1.24,0.04
655,-227.5083,-279.0312,1.23,0.04
656,-227.3383,-279.1265,1.23,0.05
657,-227.3825,-279.0504,1.24,0.05
658,-227.1219,-279.1505,1.24,0.04
659,-226.9728,-279.0825,1.24,0.04
660,-227.2238,-279.0392,1.24,0.04
661,-227.1991,-279.1653,1.23,0.04
662,-227.1005,-279.1574,1.23,0.04
663,-227.1814,-279.0985,1.24,0.05
664,-227.1569,-279.0445,1.24,0.04
665,-227.1468,-278.9241,1.23,0.04
666,-227.1812,-278.8323,1.23,0.04
667,-227.1187,-278.8454,1.25,0.04
668,-226.9744,-278.9666,1.23,0.04
669,-227.0758,-278.8757,1.24,0.04
670,-226.9555,-278.6538,1.23,0.04
671,-227.1394,-278.7699,1.24,0.04
672,-227.1830,-278.6944,1.24,0.04
673,-227.0164,-278.6846,1.24,0.04
674,-227.0176,-278.7127,1.24,0.04
675,-226.9945,-278.7485,1.24,0.04
676,-226.9941,-278.6505,1.24,0.05
677,-227.0145,-278.6053,1.26,0.04
678,-226.8835,-278.7184,1.24,0.04
679,-227.0023,-278.6001,1.23,0.04
680,-226.7499,-278.6277,1.25,0.04
681,-226.7016,-278.5584,1.24,0.04
682,-226.8203,-278.6673,1.25,0.05
683,-226.7963,-278.4979,1.24,0.04
684,-226.8036,-278.4795,1.24,0.04
685,-226.8035,-278.6900,1.25,0.05
686,-226.6740,-278.5797,1.23,0.04
687,-226.4644,-278.5591,1.24,0.04
688,-226.5894,-278.4955,1.24,0.05
689,-226.5654,-278.6728,1.24,0.04
690,-226.4891,-278.6478,1.24,0.05
691,-226.4825,-278.5259,1.24,0.04
692,-226.3915,-278.5655,1.24,0.05
693,-226.4774,-278.5272,1.24,0.04
694,-226.6156,-278.3604,1.24,0.04
695,-226.5173,-278.3410,1.24,0.04
696,-226.3948,-278.4667,1.25,0.04
697,-226.2582,-278.3112,1.23,0.04
698,-226.3486,-278.2576,1.25,0.04
699,-226.0675,-278.3010,1.26,0.04
700,-226.1638,-278.2545,1.24,0.04
701,-225.9431,-278.1815,1.24,0.04
702,-225.9632,-278.0335,1.25,0.04
703,-226.2484,-278.2390,1.24,0.04
704,-226.1763,-278.2414,1.23,0.04
705,-226.0242,-278.2155,1.23,0.04
706,-226.2239,-278.1355,1.23,0.04
707,-226.2375,-278.0585,1.23,0.04
708,-225.8719,-277.8932,1.24,0.05
709,-225.7503,-278.1230,1.24,0.05
710,-225.8575,-278.0923,1.24,0.04
711,-225.7924,-277.8166,1.23,0.04
712,-225.9429,-277.8596,1.24,0.04
713,-226.0570,-277.7868,1.24,0.04
714,-225.6046,-277.9091,1.25,0.05
715,-225.6320,-277.8162,1.23,0.04
716,-225.5574,-277.8603,1.25,0.04
717,-225.8019,-277.9449,1.24,0.04
718,-225.5449,-277.8802,1.24,0.04
719,-225.7143,-277.7688,1.24,0.04
720,-225.7808,-277.9377,1.24,0.04
721,-225.7098,-277.8239,1.24,0.04
722,-225.7188,-277.7728,1.24,0.04
723,-225.6218,-277.7684,1.24,0.04
724,-225.5990,-277.9066,1.25,0.04
725,-225.6288,-277.7205,1.24,0.04
726,-225.5688,-277.8337,1.24,0.04
727,-225.3767,-277.7516,1.23,0.04
728,-225.4418,-277.6821,1.23,0.04
729,-225.3662,-277.6361,1.25,0.04
730,-225.3052,-277.5807,1.24,0.04
731,-225.2917,-277.6989,1.23,0.04
732,-225.3418,-277.7470,1.23,0.04
733,-225.2954,-277.6568,1.23,0.04
734,-225.2661,-277.4516,1.23,0.04
735,-225.3480,-277.8370,1.24,0.04
736,-225.4220,-277.5163,1.23,0.05
737,-225.2147,-277.5426,1.24,0.05
738,-225.2133,-277.1812,1.23,0.04
739,-225.1109,-277.3144,1.24,0.04
740,-225.1353,-277.3296,1.23,0.04
741,-225.1204,-277.3816,1.23,0.04
742,-225.0753,-277.1869,1.23,0.04
743,-225.0273,-277.2673,1.24,0.04
744,-224.7617,-277.2608,1.24,0.04
745,-225.0842,-277.1240,1.24,0.04
746,-224.8768,-277.0672,1.25,0.04
747,-224.7000,-277.3273,1.25,0.04
748,-224.9145,-276.9474,1.24,0.04
749,-225.1390,-277.2481,1.25,0.04
750,-224.7929,-277.3537,1.24,0.04
751,-224.7283,-277.2536,1.24,0.05
752,-224.6950,-277.3335,1.24,0.04
753,-224.8599,-277.4203,1.24,0.04
754,-224.8492,-277.3250,1.24,0.04
755,-224.7187,-277.1199,1.24,0.04
756,-224.8519,-277.2951,1.24,0.04
757,-224.5713,-277.2426,1.23,0.04
758,-224.7509,-277.1703,1.24,0.04
759,-224.6842,-277.2419,1.24,0.04
760,-224.6401,-277.0790,1.24,0.04
761,-224.8086,-277.1453,1.23,0.04
762,-224.6086,-277.2123,1.24,0.04
763,-224.6690,-277.2131,1.24,0.04
764,-224.5339,-277.0708,1.24,0.04
765,-224.6318,-277.2545,1.24,0.04
766,-224.6425,-277.0223,1.23,0.05
767,-224.5277,-277.1164,1.24,0.04
768,-224.6163,-277.0334,1.23,0.04
769,-224.5460,-276.7741,1.23,0.04
770,-224.6453,-276.8208,1.24,0.05
771,-224.4417,-276.9492,1.24,0.04
772,-224.5259,-276.8584,1.23,0.04
773,-224.4827,-276.8427,1.23,0.04
774,-224.3958,-276.8214,1.25,0.04
775,-224.3517,-276.7391,1.24,0.04
776,-224.5797,-276.8526,1.26,0.04
777,-224.4411,-276.9230,1.24,0.04
778,-224.4090,-276.9632,1.24,0.04
779,-224.3340,-276.9262,1.25,0.04
780,-224.5751,-276.8340,1.25,0.05
781,-224.3572,-276.7604,1.25,0.04
782,-224.2601,-276.8279,1.25,0.04
783,-224.3584,-276.8755,1.25,0.04
784,-224.1341,-276.7910,1.24,0.04
785,-224.2608,-276.9241,1.25,0.05
786,-224.4525,-276.8992,1.25,0.04
787,-224.3807,-276.8556,1.25,0.04
788,-224.2130,-276.8168,1.25,0.05
789,-224.3195,-276.7729,1.25,0.04
790,-224.4263,-276.8333,1.25,0.04
791,-224.2969,-276.8100,1.25,0.04
792,-224.3482,-276.8221,1.24,0.05
793,-224.2240,-276.7990,1.25,0.05
794,-224.2302,-276.7746,1.25,0.04
795,-224.4477,-277.0660,1.25,0.05
796,-224.4538,-276.7633,1.25,0.05
797,-224.2511,-276.7859,1.25,0.04
798,-224.0486,-276.7984,1.25,0.04
799,-224.1888,-276.8967,1.25,0.04
800,-224.2779,-276.7109,1.25,0.05
801,-224.2959,-276.7811,1.26,0.04
802,-224.3491,-276.7252,1.24,0.04
803,-224.1109,-276.7423,1.24,0.04
804,-224.3629,-276.8571,1.24,0.05
805,-224.2282,-276.8058,1.24,0.04
806,-224.2274,-276.8361,1.24,0.04
807,-224.2867,-276.8798,1.25,0.04
808,-224.0724,-276.8092,1.24,0.05
809,-224.0618,-276.6911,1.25,0.04
810,-224.2119,-276.6756,1.25,0.04
811,-224.0787,-276.7511,1.25,0.04
812,-224.0445,-276.6687,1.25,0.04
813,-224.0479,-276.6277,1.24,0.04
814,-224.1047,-276.7143,1.24,0.04
815,-224.1781,-276.5459,1.24,0.04
816,-224.0210,-276.4343,1.24,0.04
817,-223.9731,-276.5482,1.24,0.04
818,-223.8840,-276.5360,1.24,0.04
819,-223.8961,-276.4829,1.24,0.04
820,-223.8811,-276.5260,1.24,0.04
821,-224.1218,-276.4357,1.24,0.04
822,-223.9444,-276.3745,1.24,0.04
823,-223.8004,-276.3996,1.25,0.04
824,-224.0309,-276.6787,1.24,0.04
825,-223.8691,-276.4500,1.24,0.04
826,-223.8278,-276.4699,1.24,0.04
827,-223.8675,-276.5038,1.24,0.04
828,-223.8698,-276.3584,1.24,0.04
829,-223.8635,-276.4500,1.24,0.04
830,-223.7404,-276.4440,1.24,0.04
831,-223.5547,-276.5155,1.23,0.04
832,-223.5458,-276.6034,1.24,0.04
833,-223.5950,-276.3310,1.24,0.04
834,-223.5485,-276.5046,1.24,0.04
835,-223.8359,-276.4562,1.23,0.04
836,-223.6244,-276.5726,1.24,0.04
837,-223.7485,-276.4590,1.23,0.04
838,-223.5960,-276.3887,1.23,0.04
839,-223.5135,-276.2762,1.23,0.04
840,-223.4091,-276.3769,1.23,0.04
841,-223.5695,-276.1857,1.23,0.04
842,-223.2443,-276.2775,1.24,0.04
843,-223.5738,-276.3587,1.23,0.04
844,-223.4209,-276.3997,1.23,0.04
845,-223.2117,-276.3174,1.23,0.05
846,-223.3704,-276.2816,1.24,0.04
847,-223.3538,-276.2156,1.24,0.05
848,-223.5344,-276.1450,1.23,0.04
849,-223.2187,-276.2579,1.24,0.04
850,-223.2656,-276.1150,1.23,0.04
851,-223.5130,-276.1796,1.24,0.05
852,-223.4509,-276.0012,1.24,0.04
853,-223.2753,-276.1218,1.24,0.04
854,-223.5859,-276.2790,1.23,0.04
855,-223.2839,-276.2395,1.24,0.04
856,-223.2605,-276.1656,1.24,0.04
857,-223.1352,-276.0758,1.24,0.04
858,-223.2272,-276.2074,1.24,0.05
859,-223.2023,-276.2116,1.24,0.04
860,-223.2121,-276.1934,1.24,0.04
861,-223.1205,-276.0305,1.24,0.04
862,-223.1561,-276.1027,1.24,0.04
863,-223.2709,-276.1050,1.24,0.04
864,-223.1155,-276.1940,1.24,0.04
865,-223.2321,-276.0058,1.24,0.04
866,-223.0282,-276.2299,1.24,0.04
867,-223.3002,-276.0153,1.24,0.04
868,-223.3893,-276.1032,1.24,0.04
869,-223.1474,-276.1769,1.24,0.05
870,-223.1077,-276.2265,1.24,0.04
871,-222.9780,-275.9762,1.24,0.04
872,-223.1979,-275.9937,1.25,0.04
873,-223.0100,-276.0003,1.24,0.05
874,-223.1658,-276.0668,1.24,0.05
875,-223.2537,-275.9229,1.23,0.04
876,-223.1460,-275.9998,1.24,0.05
877,-222.8784,-275.9763,1.23,0.04
878,-223.2036,-276.2154,1.23,0.04
879,-222.9965,-276.0366,1.23,0.05
880,-223.1805,-275.9448,1.24,0.05
881,-223.2131,-276.0930,1.24,0.04
882,-223.0056,-276.1225,1.24,0.04
883,-222.9985,-276.0190,1.24,0.04
884,-222.9852,-275.8797,1.24,0.05
885,-222.8698,-276.0605,1.25,0.04
886,-222.9947,-275.8609,1.24,0.04
887,-223.0612,-275.8770,1.25,0.04
888,-223.1322,-275.9874,1.24,0.04
889,-222.9827,-275.8715,1.24,0.04
890,-222.9062,-276.0176,1.24,0.04
891,-222.7922,-276.0570,1.24,0.04
892,-222.6965,-276.0799,1.23,0.04
893,-222.9657,-275.8122,1.24,0.05
894,-222.8735,-276.0695,1.24,0.05
895,-222.6879,-275.8089,1.23,0.05
896,-222.7124,-275.9205,1.25,0.04
897,-222.7318,-275.7803,1.24,0.04
898,-222.6718,-275.9161,1.24,0.04
899,-222.4541,-275.9861,1.24,0.05
900,-222.6428,-275.7279,1.24,0.05
901,-222.6035,-275.8591,1.25,0.05
902,-222.7817,-275.7189,1.23,0.04
903,-222.6880,-275.5581,1.25,0.04
904,-222.5322,-275.7664,1.24,0.05
905,-222.4484,-275.7424,1.23,0.04
906,-222.3785,-275.7109,1.24,0.04
907,-222.4349,-275.7071,1.24,0.04
908,-222.3079,-275.5986,1.23,0.04
909,-222.4749,-275.7422,1.23,0.04
910,-222.4954,-275.4209,1.23,0.04
911,-222.6576,-275.7625,1.24,0.05
912,-222.4545,-275.6077,1.24,0.04
913,-222.3989,-275.6770,1.24,0.04
914,-222.4631,-275.4792,1.23,0.04
915,-222.6282,-275.5988,1.24,0.04
916,-222.3422,-275.5726,1.23,0.04
917,-222.3839,-275.3817,1.23,0.04
918,-222.4086,-275.5988,1.24,0.04
919,-222.1179,-275.6204,1.24,0.04
920,-222.0834,-275.3649,1.24,0.04
921,-222.1061,-275.6056,1.24,0.04
922,-222.1591,-275.4601,1.23,0.04
923,-222.1032,-275.7068,1.23,0.04
924,-222.1603,-275.6002,1.24,0.04
925,-222.1292,-275.4971,1.25,0.04
926,-222.3692,-275.3730,1.24,0.04
927,-222.1556,-275.5448,1.25,0.04
928,-222.0419,-275.4392,1.24,0.04
929,-222.1733,-275.5728,1.25,0.04
930,-222.0985,-275.4032,1.25,0.04
931,-222.2676,-275.4374,1.24,0.04
932,-222.0118,-275.3125,1.25,0.04
933,-222.0177,-275.3738,1.25,0.04
934,-221.8518,-275.4500,1.24,0.05
935,-221.8491,-275.3884,1.24,0.04
936,-221.9842,-275.5721,1.24,0.04
937,-221.9514,-275.3347,1.24,0.04
938,-221.9182,-275.3315,1.24,0.04
939,-221.8446,-275.3439,1.24,0.05
940,-221.7651,-275.0969,1.25,0.05
941,-221.9533,-275.1759,1.25,0.05
942,-221.9419,-275.4296,1.24,0.04
943,-221.7944,-275.2020,1.24,0.04
944,-221.7151,-275.1568,1.25,0.05
945,-221.7529,-275.2262,1.25,0.04
946,-221.8620,-274.9920,1.25,0.04
947,-221.7087,-275.1708,1.25,0.04
948,-221.6778,-275.2553,1.24,0.05
949,-221.7274,-274.9758,1.24,0.04
950,-221.6086,-275.1245,1.24,0.04
951,-221.8117,-275.0336,1.24,0.04
952,-221.4628,-275.0395,1.24,0.04
953,-221.3958,-275.1806,1.24,0.04
954,-221.5362,-275.0112,1.24,0.04
955,-221.4500,-274.9446,1.24,0.05
956,-221.4332,-274.8046,1.25,0.04
957,-221.4910,-274.9501,1.25,0.04
958,-221.5240,-274.8092,1.24,0.04
959,-221.5968,-275.0556,1.25,0.04
960,-221.4872,-274.9260,1.24,0.04
961,-221.3750,-275.0019,1.24,0.04
962,-221.5625,-274.9046,1.24,0.04
963,-221.4046,-274.8313,1.24,0.04
964,-221.4865,-274.9565,1.24,0.04
965,-221.2759,-275.0016,1.24,0.04
966,-221.2013,-274.9623,1.24,0.04
967,-221.2897,-274.8573,1.24,0.04
968,-221.6108,-274.8052,1.24,0.04
969,-221.2905,-274.9875,1.24,0.04
970,-221.4139,-274.8217,1.24,0.05
971,-221.1713,-274.7674,1.24,0.04
972,-221.3941,-274.9973,1.25,0.04
973,-221.1997,-274.6968,1.25,0.04
974,-221.2974,-274.8720,1.24,0.04
975,-221.3239,-275.0116,1.24,0.04
976,-221.3015,-275.0886,1.24,0.04
977,-221.2238,-274.9097,1.24,0.04
978,-221.0828,-274.8316,1.24,0.04
979,-221.1084,-275.0088,1.24,0.04
980,-221.3236,-274.7573,1.24,0.04
981,-221.2964,-275.0514,1.24,0.04
982,-221.1001,-274.9895,1.24,0.04
983,-221.0541,-274.7749,1.24,0.04
984,-221.0866,-274.9497,1.24,0.04
985,-221.2162,-275.1173,1.24,0.04
986,-221.0107,-275.0024,1.25,0.04
987,-221.1556,-275.0713,1.25,0.04
988,-221.2280,-275.0555,1.24,0.04
989,-221.1113,-274.9750,1.24,0.04
990,-221.1362,-274.7477,1.25,0.04
991,-221.0153,-274.9646,1.25,0.04
992,-221.0458,-274.8749,1.25,0.04
993,-221.1707,-274.9803,1.24,0.04
994,-220.9982,-274.9006,1.25,0.05
995,-221.1468,-275.0174,1.25,0.04
996,-220.9539,-275.0375,1.25,0.04
997,-221.2569,-275.0222,1.25,0.04
998,-221.1136,-274.8956,1.25,0.04
999,-221.0517,-274.8474,1.25,0.04
1000,-221.0587,-275.1362,1.25,0.04
1001,-221.1625,-274.9838,1.25,0.04
1002,-221.1066,-274.7854,1.25,0.04
1003,-220.9968,-274.9565,1.25,0.04
1004,-221.0535,-274.9524,1.25,0.04
1005,-221.0878,-274.8844,1.25,0.04
1006,-221.1015,-274.7351,1.25,0.05
1007,-221.1578,-274.7589,1.26,0.04
1008,-221.0257,-274.7388,1.25,0.04
1009,-220.9217,-274.8389,1.48,0.04
1010,-221.2129,-274.7138,1.25,0.04
1011,-220.8346,-275.0286,1.25,0.04
1012,-221.0009,-274.8945,1.26,0.05
1013,-220.9999,-274.8512,1.26,0.05
1014,-221.1380,-274.8557,1.25,0.05
1015,-220.9339,-274.8838,1.25,0.04
1016,-220.9141,-274.7075,1.25,0.05
1017,-221.0826,-274.5592,1.25,0.05
1018,-220.8074,-274.6990,1.25,0.04
1019,-220.6982,-274.7784,1.25,0.05
1020,-220.7699,-274.7717,1.25,0.05
1021,-220.8813,-274.6029,1.25,0.05
1022,-220.8040,-274.7567,1.26,0.05
1023,-220.8354,-274.5242,1.25,0.05
1024,-221.0381,-274.6061,1.25,0.04
1025,-220.8587,-274.6945,1.25,0.04
1026,-220.8220,-274.6079,1.25,0.04
1027,-220.7720,-274.5706,1.25,0.04
1028,-220.6716,-274.8116,1.25,0.04
1029,-220.7070,-274.7267,1.26,0.04
1030,-221.0683,-274.7816,1.26,0.04
1031,-220.7603,-274.6543,1.26,0.05
1032,-220.7628,-274.8934,1.24,0.04
1033,-220.6422,-274.8036,1.24,0.04
1034,-220.6604,-274.6615,1.25,0.04
1035,-220.6797,-274.9118,1.24,0.04
1036,-220.7087,-274.6672,1.24,0.04
1037,-220.6283,-274.7840,1.25,0.04
1038,-220.6894,-274.7630,1.26,0.04
1039,-220.6241,-274.7095,1.25,0.05
1040,-220.6956,-274.5255,1.25,0.04
1041,-220.8251,-274.5277,1.25,0.05
1042,-220.7434,-274.5622,1.25,0.05
1043,-220.7671,-274.6170,1.26,0.04
1044,-220.7673,-274.5908,1.25,0.04
1045,-220.7836,-274.5511,1.25,0.04
1046,-220.6723,-274.6370,1.25,0.04
1047,-220.5368,-274.6268,1.25,0.05
1048,-220.5989,-274.6748,1.25,0.04
1049,-220.7359,-274.4884,1.26,0.05
1050,-220.5539,-274.6387,1.26,0.04
1051,-220.4815,-274.5715,1.25,0.04
1052,-220.7473,-274.6592,1.25,0.04
1053,-220.8241,-274.7122,1.25,0.04
1054,-220.4405,-274.6431,1.25,0.04
1055,-220.5775,-274.6657,1.25,0.04
1056,-220.6031,-274.6087,1.25,0.04
1057,-220.3979,-274.5002,1.25,0.05
1058,-220.5693,-274.6645,1.25,0.05
1059,-220.5172,-274.6521,1.26,0.04
1060,-220.5191,-274.4126,1.26,0.05
1061,-220.5443,-274.5414,1.25,0.05
1062,-220.4750,-274.3571,1.25,0.04
1063,-220.6604,-274.5386,1.24,0.04
1064,-220.5013,-274.4576,1.24,0.04
1065,-220.2992,-274.5127,1.24,0.04
1066,-220.5033,-274.6749,1.24,0.04
1067,-220.4798,-274.4035,1.24,0.04
1068,-220.2894,-274.5286,1.24,0.04
1069,-220.4191,-274.4500,1.24,0.04
1070,-220.4151,-274.3558,1.24,0.05
1071,-220.5537,-274.4364,1.25,0.04
1072,-220.4324,-274.4505,1.25,0.05
1073,-220.3041,-274.4678,1.25,0.04
1074,-220.5511,-274.4213,1.25,0.04
1075,-220.1655,-274.4293,1.25,0.04
1076,-220.5294,-274.3261,1.25,0.04
1077,-220.5444,-274.3958,1.24,0.04
1078,-220.4728,-274.4465,1.25,0.04
1079,-220.4416,-274.3183,1.25,0.05
1080,-220.2906,-274.3317,1.25,0.04
1081,-220.4486,-274.3399,1.24,0.04
1082,-220.4080,-274.3618,1.24,0.04
1083,-220.3384,-274.2993,1.24,0.04
1084,-220.5912,-274.4070,1.24,0.04
1085,-220.4510,-274.4234,1.24,0.04
1086,-220.4430,-274.3685,1.24,0.04
1087,-220.5871,-274.3327,1.24,0.04
1088,-220.3825,-274.4086,1.24,0.04
1089,-220.4127,-274.4655,1.24,0.04
1090,-220.2517,-274.3567,1.24,0.04
1091,-220.3450,-274.3462,1.24,0.04
1092,-220.3032,-274.3709,1.24,0.04
1093,-220.4052,-274.3985,1.24,0.04
1094,-220.2786,-274.3309,1.24,0.04
1095,-220.3710,-274.4334,1.24,0.04
1096,-220.3849,-274.3906,1.24,0.04
1097,-220.4042,-274.4348,1.25,0.04
1098,-220.0641,-274.3682,1.25,0.04
1099,-220.3880,-274.4121,1.24,0.04
1100,-220.3595,-274.4752,1.48,0.05
1101,-220.1966,-274.3998,1.24,0.04
1102,-220.1054,-274.4042,1.25,0.05
1103,-220.1002,-274.4286,1.25,0.04
1104,-220.2533,-274.4310,1.24,0.04
1105,-220.0864,-274.4278,1.25,0.05
1106,-220.2828,-274.3549,1.25,0.04
1107,-220.1602,-274.3679,1.24,0.05
1108,-219.9153,-274.3448,1.25,0.05
1109,-220.1613,-274.4026,1.25,0.04
1110,-220.1948,-274.3603,1.25,0.05
1111,-220.0490,-274.4251,1.25,0.05
1112,-219.9594,-274.3390,1.25,0.05
1113,-220.3395,-274.3629,1.25,0.05
1114,-220.1624,-274.3423,1.25,0.04
1115,-220.2478,-274.4099,1.25,0.05
1116,-220.2441,-274.4799,1.25,0.04
1117,-220.1325,-274.4011,1.25,0.05
1118,-219.9923,-274.4694,1.25,0.04
1119,-220.4409,-274.4438,1.26,0.05
1120,-220.3211,-274.2843,1.26,0.05
1121,-220.1166,-274.3715,1.26,0.04
1122,-220.0564,-274.4301,1.25,0.04
1123,-220.2721,-274.2678,1.25,0.04
1124,-219.9782,-274.4274,1.25,0.04
1125,-220.2462,-274.3515,1.24,0.04
1126,-220.0091,-274.2126,1.24,0.04
1127,-220.0451,-274.3562,1.47,0.04
1128,-220.2586,-274.3046,1.24,0.04
1129,-219.9509,-274.3300,1.23,0.04
1130,-219.9840,-274.6345,1.23,0.04
1131,-219.8378,-274.1544,1.23,0.04
1132,-219.9011,-274.1820,1.25,0.04
1133,-219.9346,-274.1813,1.25,0.04
1134,-219.8041,-274.2317,1.24,0.04
1135,-219.9915,-274.1271,1.24,0.04
1136,-219.9295,-274.2014,1.24,0.04
1137,-219.8299,-274.1785,1.24,0.05
1138,-220.0486,-274.1208,1.24,0.05
1139,-219.9287,-274.0025,1.32,0.05
1140,-219.9085,-274.1051,1.24,0.04
1141,-220.1679,-274.1174,1.25,0.04
1142,-219.9193,-274.1332,1.23,0.04
1143,-219.9239,-274.1440,1.24,0.04
1144,-219.8726,-274.1172,1.23,0.04
1145,-219.9447,-274.1196,1.23,0.04
1146,-219.5785,-274.1633,1.23,0.04
1147,-219.8851,-274.1200,1.23,0.04
1148,-219.8040,-274.2228,1.24,0.04
1149,-219.9862,-274.2314,1.23,0.04
1150,-219.8164,-274.0662,1.24,0.04
1151,-219.9289,-274.3139,1.23,0.04
1152,-219.6628,-274.1249,1.25,0.04
1153,-219.7381,-274.1469,1.24,0.04
1154,-219.9143,-274.1490,1.24,0.04
1155,-219.8548,-274.1347,1.24,0.04
1156,-219.8786,-274.1775,1.23,0.05
1157,-219.7408,-274.0529,1.24,0.04
1158,-219.8935,-274.1003,1.24,0.04
1159,-219.6403,-274.0875,1.25,0.04
1160,-219.8657,-274.1024,1.23,0.04
1161,-219.7792,-274.2144,1.24,0.04
1162,-219.7303,-274.1979,1.24,0.04
1163,-219.4248,-274.0618,1.24,0.04
1164,-219.6015,-274.0159,1.24,0.04
1165,-220.1169,-274.0239,1.23,0.04
1166,-219.5814,-274.3318,1.24,0.04
1167,-219.7753,-274.1098,1.24,0.04
1168,-219.8393,-274.2663,1.24,0.05
1169,-219.5960,-274.1249,1.24,0.04
1170,-219.6830,-274.1588,1.24,0.04
1171,-219.5335,-274.1433,1.25,0.04
1172,-219.3809,-274.1708,1.25,0.04
1173,-219.6190,-274.1640,1.24,0.04
1174,-219.7250,-274.3284,1.24,0.04
1175,-219.7641,-274.1832,1.24,0.04
1176,-219.7124,-274.2238,1.25,0.04
1177,-219.7206,-274.1901,1.25,0.04
1178,-219.5153,-274.0886,1.25,0.04
1179,-219.4625,-273.9971,1.25,0.04
1180,-219.3522,-274.1057,1.25,0.04
1181,-219.4514,-273.9990,1.24,0.04
1182,-219.5472,-274.1011,1.24,0.04
1183,-219.4595,-274.0294,1.24,0.04
1184,-219.5661,-273.9558,1.24,0.04
1185,-219.5271,-274.0374,1.26,0.04
1186,-219.5193,-274.0682,1.24,0.05
1187,-219.4432,-274.0307,1.25,0.04
1188,-219.2731,-274.0372,1.25,0.05
1189,-219.3005,-274.0725,1.25,0.28
1190,-219.6047,-274.2027,1.23,0.04
1191,-219.4175,-273.9110,1.23,0.04
1192,-219.5076,-273.9263,1.26,0.04
1193,-219.3930,-273.9238,1.24,0.04
1194,-219.5081,-274.0462,1.24,0.04
1195,-219.3595,-273.8575,1.24,0.04
1196,-219.1312,-273.9094,1.25,0.04
1197,-219.2348,-273.8015,1.24,0.04
1198,-219.1159,-273.8074,1.24,0.04
1199,-219.2927,-273.7651,1.23,0.04
1200,-219.3591,-273.7740,1.25,0.04
1201,-219.1369,-273.8596,1.24,0.04
1202,-219.2404,-273.9411,1.24,0.04
1203,-219.1949,-273.7793,1.24,0.04
1204,-219.2662,-273.6880,1.24,0.04
1205,-219.2102,-273.8113,1.24,0.04
1206,-219.1369,-273.8048,1.23,0.04
1207,-219.2584,-273.7105,1.23,0.04
1208,-219.1151,-273.6761,1.23,0.04
1209,-218.9594,-273.6787,1.25,0.04
1210,-219.1272,-273.7605,1.24,0.04
1211,-219.2294,-273.7428,1.24,0.04
1212,-219.1826,-273.6535,1.24,0.04
1213,-219.0970,-273.6267,1.25,0.04
1214,-219.3347,-273.8887,1.25,0.04
1215,-219.0600,-273.7472,1.23,0.04
1216,-219.0966,-273.7873,1.23,0.04
1217,-219.1319,-273.7433,1.23,0.04
1218,-218.9560,-273.6321,1.23,0.04
1219,-218.8123,-273.6816,1.24,0.04
1220,-218.9881,-273.7145,1.24,0.04
1221,-218.9644,-273.6998,1.24,0.04
1222,-219.0325,-273.6217,1.24,0.04
1223,-219.0028,-273.6961,1.23,0.04
1224,-218.9102,-273.6441,1.23,0.04
1225,-218.9863,-273.6881,1.23,0.04
1226,-219.1839,-273.5622,1.24,0.04
1227,-218.9957,-273.5511,1.24,0.04
1228,-219.0594,-273.5565,1.23,0.04
1229,-218.7751,-273.6259,1.24,0.05
1230,-218.9215,-273.5397,1.24,0.04
1231,-218.9880,-273.5838,1.24,0.04
1232,-218.8575,-273.6766,1.23,0.04
1233,-219.0148,-273.5969,1.24,0.04
1234,-218.9846,-273.6498,1.23,0.04
1235,-219.0095,-273.5688,1.24,0.04
1236,-219.0594,-273.6566,1.24,0.04
1237,-218.9050,-273.6825,1.23,0.04
1238,-218.8795,-273.5785,1.24,0.04
1239,-218.9432,-273.6209,1.23,0.04
1240,-218.8994,-273.6327,1.24,0.04
1241,-218.7372,-273.6783,1.24,0.05
1242,-218.7928,-273.5625,1.23,0.04
1243,-218.7987,-273.4864,1.23,0.04
1244,-218.7733,-273.5996,1.25,0.04
1245,-218.7463,-273.5627,1.23,0.04
1246,-218.8845,-273.4617,1.23,0.04
1247,-218.8608,-273.5635,1.24,0.04
1248,-218.6987,-273.7318,1.24,0.04
1249,-218.8116,-273.7703,1.24,0.04
1250,-218.8377,-273.5563,1.24,0.04
1251,-218.5345,-273.9211,1.24,0.04
1252,-218.7186,-273.8123,1.24,0.04
1253,-218.4622,-273.7917,1.24,0.04
1254,-218.6162,-273.7642,1.24,0.04
1255,-218.7117,-273.7204,1.24,0.04
1256,-218.8442,-273.7274,1.24,0.04
1257,-218.7083,-273.7899,1.24,0.04
1258,-218.6119,-273.6108,1.24,0.04
1259,-218.8994,-273.6544,1.24,0.04
1260,-218.6431,-273.4633,1.24,0.04
1261,-218.8382,-273.6038,1.24,0.04
1262,-218.6806,-273.6724,1.25,0.04
1263,-218.4522,-273.4449,1.24,0.04
1264,-218.6543,-273.5151,1.26,0.04
1265,-218.6875,-273.5492,1.24,0.04
1266,-218.6210,-273.6116,1.25,0.05
1267,-218.5399,-273.7178,1.24,0.04
1268,-218.5464,-273.7062,1.25,0.04
1269,-218.8024,-273.5859,1.24,0.04
1270,-218.5208,-273.6381,1.25,0.04
1271,-218.5981,-273.5915,1.24,0.04
1272,-218.7627,-273.4788,1.25,0.04
1273,-218.4472,-273.6020,1.24,0.04
1274,-218.6588,-273.7181,1.25,0.04
1275,-218.3687,-273.5272,1.24,0.04
1276,-218.3849,-273.4884,1.24,0.04
1277,-218.3257,-273.4013,1.25,0.04
1278,-218.2759,-273.4134,1.25,0.04
1279,-218.1069,-273.4243,1.24,0.04
1280,-218.2087,-273.4537,1.23,0.04
1281,-218.2058,-273.4949,1.24,0.04
1282,-218.3084,-273.4998,1.24,0.04
1283,-218.1665,-273.4378,1.24,0.04
1284,-218.3124,-273.4023,1.24,0.04
1285,-218.2993,-273.3921,1.23,0.04
1286,-218.2873,-273.3283,1.25,0.04
1287,-218.2594,-273.3356,1.25,0.04
1288,-218.1962,-273.3414,1.24,0.05
1289,-218.3964,-273.4112,1.24,0.04
1290,-218.1283,-273.3710,1.24,0.04
1291,-218.1910,-273.4323,1.24,0.04
1292,-218.1392,-273.4429,1.24,0.04
1293,-218.1010,-273.5312,1.25,0.04
1294,-218.1084,-273.3621,1.24,0.04
1295,-218.0782,-273.3889,1.24,0.04
1296,-218.1314,-273.4554,1.24,0.04
1297,-218.1351,-273.6489,1.24,0.04
1298,-218.0683,-273.4478,1.25,0.04
1299,-218.1703,-273.5305,1.24,0.04
1300,-218.1521,-273.4234,1.24,0.04
1301,-218.1773,-273.7919,1.25,0.04
1302,-218.2278,-273.6033,1.25,0.04
1303,-218.0776,-273.2789,1.25,0.04
1304,-218.0734,-273.4740,1.25,0.04
1305,-218.0144,-273.4454,1.25,0.04
1306,-217.9841,-273.3014,1.24,0.04
1307,-217.9065,-273.5675,1.25,0.04
1308,-217.8959,-273.3671,1.24,0.04
1309,-217.9217,-273.6392,1.24,0.04
1310,-218.1421,-273.5992,1.25,0.04
1311,-218.0616,-273.3861,1.25,0.04
1312,-217.8845,-273.3891,1.25,0.04
1313,-217.9871,-273.4100,1.24,0.04
1314,-217.9925,-273.4225,1.25,0.04
1315,-217.8486,-273.2355,1.24,0.04
1316,-217.9533,-273.2280,1.25,0.05
1317,-218.0305,-273.3184,1.25,0.04
1318,-217.8285,-273.3577,1.24,0.04
1319,-217.9935,-273.4815,1.24,0.04
1320,-217.7689,-273.4186,1.24,0.04
1321,-217.9466,-273.3201,1.24,0.04
1322,-217.8188,-273.2150,1.24,0.04
1323,-217.9070,-273.3232,1.25,0.04
1324,-217.7419,-273.3446,1.24,0.04
1325,-217.8406,-273.3572,1.24,0.04
1326,-217.8253,-273.4051,1.24,0.04
1327,-217.7476,-273.3307,1.24,0.04
1328,-217.6005,-273.1738,1.24,0.04
1329,-217.6918,-273.2752,1.24,0.04
1330,-217.7601,-273.3288,1.23,0.04
1331,-217.7864,-273.2014,1.23,0.04
1332,-217.5912,-273.2620,1.23,0.04
1333,-217.4559,-273.0339,1.24,0.04
1334,-217.6351,-273.0782,1.24,0.04
1335,-217.6417,-273.0993,1.23,0.04
1336,-217.5318,-273.1367,1.23,0.04
1337,-217.6045,-273.1038,1.23,0.04
1338,-217.4027,-273.3036,1.23,0.04
1339,-217.5798,-273.1804,1.23,0.04
1340,-217.3054,-273.2022,1.24,0.04
1341,-217.5380,-273.0420,1.23,0.04
1342,-217.4387,-272.9606,1.24,0.04
1343,-217.3877,-273.0193,1.25,0.04
1344,-217.3362,-273.0119,1.25,0.04
1345,-217.4444,-273.0689,1.24,0.04
1346,-217.3254,-273.0855,1.25,0.04
1347,-217.2594,-273.1235,1.24,0.05
1348,-217.3994,-273.1980,1.25,0.04
1349,-217.2358,-272.8536,1.25,0.04
1350,-217.2202,-272.9834,1.24,0.04
1351,-217.3563,-272.9252,1.24,0.04
1352,-217.4736,-272.9390,1.24,0.04
1353,-217.3944,-273.0029,1.24,0.05
1354,-217.2804,-272.8617,1.23,0.04
1355,-217.2054,-273.1668,1.23,0.27
1356,-217.3632,-272.8568,1.24,0.04
1357,-217.3949,-272.8190,1.23,0.04
1358,-217.3253,-273.0057,1.25,0.04
1359,-217.1755,-272.9956,1.24,0.04
1360,-217.2506,-273.2402,1.24,0.04
1361,-217.2567,-273.1288,1.24,0.04
1362,-217.2254,-273.0321,1.24,0.04
1363,-217.3228,-272.9469,1.24,0.04
1364,-216.9480,-272.9678,1.24,0.04
1365,-217.1515,-273.0033,1.24,0.04
1366,-217.2101,-272.8631,1.24,0.04
1367,-216.8142,-272.9357,1.24,0.04
1368,-216.9152,-272.8218,1.24,0.04
1369,-216.8958,-272.8433,1.24,0.04
1370,-216.9584,-272.7437,1.24,0.04
1371,-216.8567,-272.7497,1.25,0.04
1372,-217.0344,-272.7828,1.24,0.05
1373,-216.8682,-272.6811,1.23,0.04
1374,-216.9335,-272.7213,1.24,0.04
1375,-217.0430,-272.8877,1.23,0.04
1376,-216.9568,-272.8902,1.23,0.04
1377,-216.8563,-272.8494,1.23,0.04
1378,-217.0048,-272.5883,1.23,0.04
1379,-216.8046,-272.7941,1.25,0.04
1380,-216.8545,-272.6480,1.24,0.04
1381,-216.8333,-272.6504,1.24,0.04
1382,-216.6081,-272.6471,1.24,0.04
1383,-216.7117,-272.5346,1.24,0.04
1384,-216.8015,-272.6832,1.25,0.04
1385,-216.7360,-272.6810,1.24,0.04
1386,-216.8948,-272.5946,1.25,0.04
1387,-216.8368,-272.5123,1.24,0.04
1388,-216.5593,-272.7360,1.26,0.04
1389,-216.6418,-272.4775,1.23,0.04
1390,-216.8868,-272.6180,1.24,0.04
1391,-216.8611,-272.7167,1.24,0.04
1392,-216.6827,-272.5100,1.24,0.04
1393,-216.6274,-272.5617,1.24,0.04
1394,-216.8192,-272.7415,1.24,0.04
1395,-216.5905,-272.5668,1.24,0.04
1396,-216.5676,-272.5851,1.24,0.05
1397,-216.6141,-272.5279,1.24,0.04
1398,-216.6259,-272.4887,1.24,0.04
1399,-216.6415,-272.5569,1.24,0.04
1400,-216.5224,-272.5229,1.24,0.04
1401,-216.5217,-272.6651,1.24,0.04
1402,-216.5860,-272.6747,1.25,0.04
1403,-216.6449,-272.5678,1.24,0.04
1404,-216.5588,-272.6092,1.24,0.04
1405,-216.7301,-272.6778,1.24,0.04
1406,-216.5198,-272.6768,1.24,0.04
1407,-216.8136,-272.5940,1.25,0.04
1408,-216.6600,-272.6684,1.24,0.04
1409,-216.5559,-272.7839,1.25,0.04
1410,-216.7204,-272.4893,1.24,0.04
1411,-216.6838,-272.5074,1.25,0.04
1412,-216.6581,-272.7607,1.24,0.04
1413,-216.4319,-272.5993,1.24,0.04
1414,-216.5738,-272.6881,1.24,0.04
1415,-216.4588,-272.5403,1.24,0.04
1416,-216.6339,-272.6731,1.23,0.04
1417,-216.6500,-272.4950,1.24,0.04
1418,-216.6770,-272.8291,1.24,0.04
1419,-216.6718,-272.5942,1.24,0.04
1420,-216.5421,-272.6603,1.25,0.04
1421,-216.4668,-272.6350,1.24,0.04
1422,-216.6713,-272.5536,1.24,0.04
1423,-216.7414,-272.5072,1.24,0.04
1424,-216.5047,-272.7992,1.24,0.05
1425,-216.5951,-272.4986,1.24,0.04
1426,-216.5398,-272.3877,1.24,0.05
1427,-216.4631,-272.3620,1.24,0.04
1428,-216.6234,-272.5481,1.24,0.04
1429,-216.3950,-272.4968,1.23,0.04
1430,-216.3559,-272.5038,1.24,0.04
1431,-216.3429,-272.3718,1.23,0.04
1432,-216.2444,-272.4462,1.24,0.04
1433,-216.2295,-272.3479,1.23,0.04
1434,-216.3791,-272.1628,1.24,0.04
1435,-216.1935,-272.4130,1.24,0.04
1436,-216.2906,-272.3736,1.23,0.04
1437,-216.2494,-272.4677,1.23,0.04
1438,-216.2335,-272.2161,1.24,0.04
1439,-216.1264,-272.3004,1.23,0.04
1440,-216.3519,-272.4755,1.23,0.04
1441,-216.1102,-272.3513,1.24,0.04
1442,-216.2443,-272.4435,1.23,0.04
1443,-216.1043,-272.5278,1.23,0.04
1444,-216.1677,-272.3005,1.23,0.04
1445,-216.3549,-272.2507,1.24,0.04
1446,-216.2156,-272.2867,1.24,0.04
1447,-216.1022,-272.3423,1.24,0.04
1448,-216.0632,-272.1291,1.24,0.04
1449,-216.0899,-272.1542,1.25,0.04
1450,-216.0760,-272.2980,1.24,0.04
1451,-216.0689,-272.3671,1.24,0.05
1452,-216.0925,-272.1997,1.24,0.04
1453,-216.0697,-272.0625,1.24,0.04
1454,-216.1789,-272.1810,1.24,0.04
1455,-216.1763,-272.2654,1.24,0.04
1456,-216.1635,-272.1880,1.24,0.04
1457,-216.1332,-272.2492,1.24,0.04
1458,-216.1966,-272.1947,1.24,0.04
1459,-216.2150,-272.3078,1.24,0.04
1460,-216.1564,-272.1682,1.24,0.04
1461,-216.2307,-272.2750,1.24,0.04
1462,-215.9461,-272.3372,1.24,0.04
1463,-216.0908,-272.2730,1.24,0.04
1464,-215.7644,-272.1305,1.24,0.04
1465,-216.0813,-272.2511,1.24,0.04
1466,-216.1943,-272.2323,1.24,0.04
1467,-216.0823,-272.3071,1.24,0.04
1468,-215.9610,-272.2282,1.24,0.04
1469,-216.0554,-272.0912,1.24,0.04
1470,-215.9923,-272.4132,1.25,0.04
1471,-216.0724,-272.3575,1.24,0.04
1472,-215.9721,-272.2616,1.24,0.04
1473,-216.0675,-272.2445,1.24,0.04
1474,-215.9237,-272.3120,1.24,0.04
1475,-215.8965,-272.1315,1.25,0.04
1476,-216.1233,-272.4173,1.24,0.04
1477,-216.2170,-272.5139,1.24,0.04
1478,-215.8493,-272.4644,1.24,0.04
1479,-216.0454,-272.4838,1.25,0.04
1480,-216.0952,-272.3908,1.24,0.04
1481,-216.0336,-272.2891,1.25,0.04
1482,-215.7778,-272.1495,1.25,0.04
1483,-215.9397,-272.1589,1.25,0.04
1484,-215.9780,-272.3041,1.25,0.04
1485,-216.1058,-272.1843,1.24,0.04
1486,-216.0872,-272.3157,1.24,0.04
1487,-216.0316,-272.1891,1.24,0.04
1488,-215.9363,-272.2040,1.24,0.04
1489,-216.0851,-272.4427,1.24,0.05
1490,-215.8691,-272.4334,1.24,0.04
1491,-215.9366,-272.3574,1.24,0.04
1492,-215.8805,-272.3687,1.24,0.04
1493,-216.0969,-272.5732,1.24,0.05
1494,-215.9770,-272.1598,1.25,0.04
1495,-216.0380,-272.2870,1.24,0.04
1496,-215.9042,-272.1998,1.24,0.05
1497,-215.7994,-272.2730,1.24,0.05
1498,-215.8161,-272.2735,1.25,0.04
1499,-215.7582,-272.3469,1.24,0.04
1500,-215.7677,-272.2939,1.24,0.04
1501,-215.7358,-272.3296,1.24,0.04
1502,-215.7537,-272.3799,1.24,0.04
1503,-215.6755,-272.2732,1.24,0.04
1504,-215.8992,-272.4593,1.24,0.04
1505,-215.8827,-272.1489,1.24,0.04
1506,-215.9286,-272.3061,1.24,0.04
1507,-216.1265,-272.2437,1.24,0.04
1508,-215.9208,-272.2237,1.25,0.04
1509,-215.7506,-272.3102,1.24,0.04
1510,-215.8092,-272.1957,1.24,0.04
1511,-215.8603,-272.2980,1.24,0.04
1512,-215.6707,-272.2513,1.24,0.04
1513,-215.7279,-272.2545,1.24,0.04
1514,-215.6327,-272.2556,1.24,0.04
1515,-215.9423,-272.2775,1.24,0.04
1516,-215.8290,-272.2530,1.24,0.04
1517,-215.8850,-272.2708,1.25,0.05
1518,-215.6306,-272.2291,1.25,0.04
1519,-215.8306,-272.0516,1.25,0.04
1520,-215.5913,-272.1738,1.25,0.04
1521,-215.5929,-272.2942,1.24,0.04
1522,-215.7433,-272.3095,1.24,0.04
1523,-215.7712,-272.1766,1.24,0.04
1524,-215.6963,-271.9920,1.24,0.04
1525,-215.6357,-272.1460,1.25,0.04
1526,-215.5391,-272.0986,1.24,0.04
1527,-215.5981,-272.3268,1.24,0.04
1528,-215.6662,-272.1967,1.24,0.04
1529,-215.5978,-272.3310,1.24,0.04
1530,-215.6317,-272.3086,1.24,0.04
1531,-215.7234,-272.5197,1.24,0.04
1532,-215.7641,-272.3043,1.24,0.04
1533,-215.6074,-272.3143,1.25,0.04
1534,-215.6898,-272.2265,1.24,0.04
1535,-215.8536,-272.4462,1.24,0.04
1536,-215.7564,-272.2079,1.25,0.04
1537,-215.8003,-272.0407,1.25,0.04
1538,-215.7970,-272.1553,1.25,0.04
1539,-215.8493,-272.2669,1.25,0.04
1540,-215.7364,-272.0287,1.25,0.04
1541,-215.6084,-272.2523,1.25,0.04
1542,-215.4786,-272.1762,1.25,0.05
1543,-215.5026,-272.4537,1.25,0.04
1544,-215.8458,-272.2721,1.25,0.04
1545,-215.7765,-272.2364,1.25,0.05
1546,-215.6975,-272.0831,1.25,0.04
1547,-215.6712,-272.2947,1.25,0.04
1548,-215.7759,-272.2907,1.25,0.04
1549,-215.5016,-272.2509,1.25,0.04
1550,-215.5155,-272.3654,1.25,0.05
1551,-215.5384,-272.2347,1.25,0.04
1552,-215.4108,-272.2839,1.25,0.04
1553,-215.7165,-272.0932,1.25,0.05
1554,-215.4440,-272.0940,1.25,0.04
1555,-215.4593,-272.0025,1.25,0.04
1556,-215.7047,-272.0652,1.25,0.04
1557,-215.5019,-272.1313,1.25,0.04
1558,-215.6273,-272.3709,1.25,0.04
1559,-215.4132,-272.0553,1.25,0.04
1560,-215.5576,-272.2831,1.25,0.04
1561,-215.4775,-272.0241,1.26,0.04
1562,-215.4547,-272.2238,1.25,0.04
1563,-215.5803,-272.1239,1.26,0.05
1564,-215.6074,-272.1214,1.25,0.04
1565,-215.6452,-272.0302,1.26,0.04
1566,-215.4926,-272.0170,1.26,0.04
1567,-215.6054,-272.3046,1.25,0.04
1568,-215.4383,-272.1688,1.26,0.04
1569,-215.6065,-272.2705,1.26,0.04
1570,-215.5428,-272.1891,1.25,0.05
1571,-215.5530,-272.1808,1.25,0.04
1572,-215.3376,-271.9583,1.25,0.04
1573,-215.5296,-271.9330,1.25,0.04
1574,-215.6609,-272.1629,1.25,0.04
1575,-215.4706,-272.1648,1.24,0.04
1576,-215.3700,-272.0508,1.23,0.04
1577,-215.6718,-272.0903,1.23,0.04
1578,-215.4382,-272.2385,1.23,0.04
1579,-215.5333,-272.2604,1.24,0.04
1580,-215.3403,-271.9879,1.24,0.04
1581,-215.5539,-272.0150,1.23,0.04
1582,-215.5689,-271.9782,1.23,0.04
1583,-215.5792,-272.0131,1.24,0.04
1584,-215.6348,-272.1841,1.25,0.04
1585,-215.4623,-272.1369,1.25,0.04
1586,-215.4931,-271.9745,1.24,0.04
1587,-215.4363,-272.1016,1.25,0.04
1588,-215.3651,-271.9370,1.25,0.04
1589,-215.4917,-271.9916,1.25,0.04
1590,-215.4910,-271.9821,1.25,0.04
1591,-215.2477,-272.0572,1.25,0.04
1592,-215.3028,-272.0210,1.25,0.04
1593,-215.1132,-271.8177,1.25,0.04
1594,-215.3259,-271.8360,1.25,0.04
1595,-215.2362,-271.8653,1.24,0.04
1596,-215.3525,-271.9845,1.25,0.04
1597,-215.0324,-271.9963,1.25,0.04
1598,-215.2018,-272.0016,1.25,0.04
1599,-215.0116,-271.9998,1.25,0.04
1600,-214.9658,-271.7442,1.25,0.04
1601,-215.0979,-271.7342,1.24,0.04
1602,-215.3138,-272.0921,1.25,0.04
1603,-215.1045,-271.9684,1.24,0.04
1604,-215.2294,-272.1127,1.23,0.04
1605,-215.0839,-272.0722,1.23,0.04
1606,-215.1632,-272.0449,1.24,0.04
1607,-215.0914,-271.7653,1.24,0.04
1608,-215.0743,-272.1971,1.24,0.04
1609,-214.9872,-271.9320,1.24,0.04
1610,-215.2236,-271.6943,1.24,0.04
1611,-215.3511,-271.6734,1.24,0.04
1612,-215.1531,-271.7363,1.24,0.04
1613,-215.1995,-271.6671,1.23,0.04
1614,-215.1382,-271.8551,1.25,0.04
1615,-215.0560,-271.6932,1.23,0.04
1616,-215.1766,-272.0252,1.23,0.04
1617,-215.0551,-272.1006,1.23,0.04
1618,-215.1403,-272.0255,1.23,0.04
1619,-215.0289,-271.9576,1.23,0.04
1620,-214.9204,-271.7385,1.23,0.04
1621,-215.0676,-271.7739,1.24,0.04
1622,-215.1138,-271.8853,1.23,0.04
1623,-215.0579,-271.7273,1.23,0.04
1624,-215.0972,-271.7169,1.23,0.04
1625,-214.9222,-271.8267,1.23,0.04
1626,-215.0695,-271.8149,1.24,0.04
1627,-214.9420,-271.8900,1.23,0.04
1628,-215.0509,-272.0326,1.24,0.04
1629,-215.1732,-271.7617,1.24,0.04
1630,-215.0053,-271.6977,1.24,0.04
1631,-215.0302,-271.9046,1.24,0.04
1632,-214.8565,-271.7694,1.23,0.04
1633,-214.9636,-271.6321,1.23,0.04
1634,-215.1844,-271.7888,1.25,0.04
1635,-215.0286,-271.5373,1.24,0.04
1636,-215.0258,-271.8428,1.24,0.04
1637,-215.0319,-271.7298,1.23,0.04
1638,-215.0240,-271.6664,1.23,0.04
1639,-214.9383,-271.6899,1.23,0.04
1640,-214.9704,-271.7836,1.24,0.04
1641,-214.9891,-271.5224,1.24,0.04
1642,-214.8742,-271.9124,1.25,0.04
1643,-214.8907,-271.6740,1.24,0.04
1644,-215.0525,-271.8860,1.23,0.04
1645,-214.8184,-271.9321,1.24,0.04
1646,-214.8481,-271.9249,1.24,0.04
1647,-214.9389,-271.9458,1.24,0.04
1648,-214.8082,-271.6504,1.24,0.04
1649,-214.7269,-271.8027,1.24,0.04
1650,-214.9386,-271.8300,1.24,0.05
1651,-214.9677,-272.0278,1.24,0.04
1652,-214.7351,-271.7650,1.24,0.04
1653,-214.9619,-271.8571,1.24,0.04
1654,-214.7227,-271.7830,1.24,0.04
1655,-214.9818,-271.9310,1.25,0.04
1656,-214.9245,-271.7064,1.24,0.04
1657,-214.8578,-271.6017,1.24,0.04
1658,-214.9056,-271.6557,1.24,0.04
1659,-214.9673,-271.5640,1.24,0.04
1660,-214.9600,-271.6383,1.25,0.04
1661,-214.7463,-271.5839,1.24,0.04
1662,-214.6638,-271.8306,1.25,0.04
1663,-214.7970,-271.3497,1.25,0.05
1664,-214.6317,-271.4853,1.25,0.04
1665,-214.4682,-271.6112,1.24,0.04
1666,-214.3277,-271.6161,1.24,0.05
1667,-214.5229,-271.3307,1.24,0.04
1668,-214.3202,-271.6131,1.25,0.04
1669,-214.4977,-271.4257,1.24,0.04
1670,-214.3147,-271.4234,1.24,0.04
1671,-214.4032,-271.2791,1.24,0.04
1672,-214.4924,-271.3071,1.24,0.04
1673,-214.3097,-271.3862,1.24,0.04
1674,-214.2505,-271.2578,1.24,0.04
1675,-214.1945,-271.0446,1.24,0.04
1676,-214.4614,-271.4146,1.24,0.04
1677,-214.0616,-271.2142,1.24,0.04
1678,-214.2676,-271.0228,1.23,0.04
1679,-214.5678,-271.1645,1.24,0.04
1680,-214.1918,-271.0408,1.23,0.04
1681,-214.2371,-271.3352,1.23,0.05
1682,-214.2220,-271.3102,1.23,0.04
1683,-214.2048,-271.1777,1.23,0.04
1684,-214.0510,-271.1145,1.23,0.04
1685,-214.2251,-271.3370,1.23,0.04
1686,-214.1693,-271.2028,1.23,0.04
1687,-214.3096,-271.0651,1.23,0.04
1688,-213.9645,-271.1861,1.23,0.04
1689,-214.2124,-271.2129,1.23,0.04
1690,-214.2182,-271.1721,1.23,0.04
1691,-214.0120,-271.1403,1.23,0.04
1692,-214.2169,-271.1451,1.23,0.04
1693,-214.1445,-271.2685,1.23,0.04
1694,-214.2832,-271.3316,1.23,0.04
1695,-214.1034,-271.1158,1.23,0.04
1696,-214.0606,-271.0683,1.25,0.04
1697,-214.1588,-271.2879,1.24,0.04
1698,-213.9892,-271.0150,1.24,0.04
1699,-213.9769,-271.3236,1.25,0.04
1700,-214.1873,-271.1794,1.24,0.04
1701,-214.1379,-271.2991,1.24,0.04
1702,-213.9954,-271.3210,1.24,0.04
1703,-213.9144,-271.2046,1.24,0.04
1704,-214.1636,-271.1224,1.25,0.05
1705,-214.1627,-271.2215,1.23,0.05
1706,-214.2477,-271.0830,1.24,0.04
1707,-214.2173,-271.1497,1.24,0.04
1708,-213.9219,-271.2180,1.24,0.04
1709,-214.0497,-271.0652,1.24,0.04
1710,-214.1772,-271.1038,1.24,0.04
1711,-214.2840,-270.9701,1.24,0.04
1712,-214.1891,-271.2489,1.25,0.04
1713,-213.9588,-271.1859,1.24,0.04
1714,-214.1053,-271.2389,1.24,0.04
1715,-214.2132,-271.2938,1.24,0.04
1716,-214.2664,-271.1483,1.24,0.04
1717,-214.1893,-271.3310,1.24,0.04
1718,-214.0814,-271.2779,1.24,0.04
1719,-214.0456,-271.2538,1.24,0.04
1720,-214.0281,-271.1930,1.24,0.04
1721,-213.8416,-271.2012,1.24,0.04
1722,-214.1022,-271.1471,1.24,0.04
1723,-214.0314,-271.2839,1.24,0.04
1724,-214.0976,-271.1341,1.24,0.04
1725,-214.0749,-271.0531,1.25,0.04
1726,-213.9241,-271.2705,1.25,0.04
1727,-213.8880,-271.1006,1.25,0.04
1728,-213.8350,-271.0939,1.24,0.04
1729,-214.0063,-271.0181,1.25,0.04
1730,-213.8839,-271.2343,1.25,0.04
1731,-213.9364,-271.2088,1.25,0.04
1732,-213.8361,-271.2002,1.25,0.04
1733,-214.0045,-270.9230,1.25,0.04
1734,-213.8599,-271.1265,1.24,0.04
1735,-213.7877,-271.2208,1.23,0.04
1736,-213.9900,-270.9711,1.24,0.04
1737,-213.9195,-271.0628,1.24,0.04
1738,-213.9622,-271.0521,1.25,0.04
1739,-213.8666,-270.9641,1.24,0.04
1740,-213.7685,-270.9167,1.24,0.04
1741,-213.8697,-271.0625,1.25,0.04
1742,-213.8618,-270.9411,1.25,0.04
1743,-213.8125,-270.9481,1.24,0.04
1744,-213.9335,-271.0477,1.24,0.05
1745,-213.9290,-271.2588,1.25,0.04
1746,-214.0046,-271.1579,1.24,0.04
1747,-213.8096,-270.9489,1.25,0.04
1748,-213.9661,-271.1355,1.25,0.05
1749,-213.9913,-270.8914,1.25,0.04
1750,-213.8119,-270.8491,1.25,0.04
1751,-213.8109,-271.1558,1.24,0.04
1752,-213.7399,-270.9406,1.23,0.04
1753,-213.8772,-270.9631,1.23,0.04
1754,-213.7768,-270.9298,1.24,0.04
1755,-213.8234,-271.1522,1.24,0.04
1756,-213.9060,-271.0042,1.24,0.04
1757,-213.8427,-270.9767,1.24,0.04
1758,-213.6674,-271.2005,1.24,0.04
1759,-213.6146,-271.1231,1.23,0.04
1760,-213.8395,-271.1730,1.24,0.04
1761,-213.8026,-270.9457,1.25,0.05
1762,-213.9239,-270.9674,1.24,0.04
1763,-213.7417,-271.1405,1.24,0.04
1764,-213.9619,-270.9868,1.24,0.04
1765,-213.7897,-271.1476,1.24,0.05
1766,-213.7319,-271.2854,1.24,0.04
1767,-213.8434,-271.2583,1.24,0.04
1768,-213.8852,-271.0979,1.26,0.04
1769,-213.7934,-271.1702,1.25,0.04
1770,-213.8715,-271.1198,1.25,0.04
1771,-213.8926,-270.9831,1.25,0.04
1772,-213.7609,-271.0565,1.25,0.04
1773,-213.6198,-271.0197,1.25,0.04
1774,-213.5628,-271.0210,1.25,0.04
1775,-213.7260,-271.0851,1.26,0.04
1776,-213.7235,-270.8589,1.25,0.04
1777,-213.7020,-271.0407,1.25,0.04
1778,-213.6488,-270.9350,1.25,0.04
1779,-213.7613,-271.0953,1.25,0.04
1780,-213.6213,-270.9817,1.26,0.04
1781,-213.5628,-271.2240,1.25,0.04
1782,-213.4692,-270.7753,1.26,0.05
1783,-213.5756,-271.0204,1.25,0.04
1784,-213.8193,-271.0865,1.25,0.04
1785,-213.7307,-271.0775,1.25,0.04
1786,-213.4293,-270.8906,1.24,0.04
1787,-213.8822,-271.0505,1.24,0.04
1788,-213.6395,-271.1176,1.24,0.04
1789,-213.8549,-270.9564,1.24,0.04
1790,-213.7038,-271.1058,1.24,0.04
1791,-213.6847,-271.0671,1.24,0.04
1792,-213.6344,-270.9368,1.24,0.04
1793,-213.7357,-271.1515,1.24,0.04
1794,-213.5956,-271.1467,1.26,0.04
1795,-213.5910,-271.1256,1.25,0.04
1796,-213.4678,-271.0966,1.25,0.04
1797,-213.5669,-270.8235,1.25,0.04
1798,-213.4210,-270.7899,1.25,0.05
1799,-213.5757,-270.8460,1.26,0.04
1800,-213.5347,-270.7479,1.24,0.04
1801,-213.9571,-271.0326,1.25,0.04
1802,-213.4577,-270.9427,1.24,0.04
1803,-213.3192,-270.8568,1.25,0.04
1804,-213.3144,-271.0070,1.25,0.05
1805,-213.1983,-270.8100,1.26,0.04
1806,-213.6071,-270.8915,1.25,0.04
1807,-213.5117,-270.5771,1.25,0.04
1808,-213.4972,-270.8205,1.25,0.04
1809,-213.3284,-270.8752,1.24,0.04
1810,-213.3098,-270.5851,1.24,0.04
1811,-213.4591,-270.8163,1.24,0.04
1812,-213.2927,-270.6470,1.24,0.04
1813,-213.4024,-270.7267,1.24,0.04
1814,-213.2928,-270.4652,1.24,0.04
1815,-213.3143,-270.7672,1.26,0.04
1816,-213.2882,-270.6584,1.25,0.04
1817,-213.2456,-270.7354,1.24,0.05
1818,-213.3063,-270.7417,1.24,0.04
1819,-213.2133,-270.6140,1.25,0.04
1820,-213.2764,-270.6545,1.26,0.04
1821,-213.3440,-270.6314,1.25,0.04
1822,-213.4692,-270.6394,1.25,0.04
1823,-213.0967,-270.6007,1.25,0.04
1824,-213.3970,-270.6224,1.25,0.04
1825,-213.1842,-270.7579,1.25,0.04
1826,-213.1101,-270.7020,1.25,0.04
1827,-213.4273,-270.5936,1.25,0.04
1828,-213.3790,-270.5027,1.25,0.04
1829,-213.1814,-270.7719,1.25,0.04
1830,-213.1380,-270.6205,1.25,0.04
1831,-213.2640,-270.7540,1.25,0.04
1832,-213.2730,-270.7265,1.25,0.04
1833,-213.0599,-270.4916,1.25,0.04
1834,-213.2728,-270.5655,1.25,0.05
1835,-213.3895,-270.6885,1.25,0.04
1836,-213.2869,-270.4868,1.25,0.04
1837,-213.2505,-270.4742,1.24,0.04
1838,-213.0047,-270.6675,1.24,0.04
1839,-213.0567,-270.4508,1.24,0.05
1840,-213.0604,-270.7792,1.24,0.04
1841,-213.2422,-270.5957,1.26,0.04
1842,-213.1235,-270.6088,1.24,0.04
1843,-213.0288,-270.4751,1.24,0.04
1844,-212.9549,-270.6658,1.24,0.04
1845,-213.1470,-270.4602,1.24,0.04
1846,-213.2710,-270.5342,1.24,0.04
1847,-213.1946,-270.7161,1.24,0.04
1848,-213.1183,-270.6931,1.24,0.04
1849,-213.0587,-270.4300,1.24,0.04
1850,-212.9230,-270.6329,1.25,0.04
1851,-212.9282,-270.4901,1.24,0.04
1852,-212.8811,-270.4287,1.25,0.04
1853,-212.8884,-270.7279,1.25,0.04
1854,-212.9525,-270.6868,1.24,0.05
1855,-213.2540,-270.5974,1.25,0.04
1856,-213.2763,-270.6204,1.25,0.04
1857,-212.9994,-270.6470,1.25,0.04
1858,-213.0244,-270.6616,1.24,0.04
1859,-212.9329,-270.8077,1.25,0.04
1860,-213.2719,-270.6348,1.24,0.05
1861,-213.1002,-270.6994,1.24,0.04
1862,-212.8844,-270.6293,1.24,0.04
1863,-213.0281,-270.3558,1.23,0.04
1864,-212.9486,-270.2626,1.24,0.04
1865,-213.0028,-270.3712,1.25,0.05
1866,-212.9684,-270.5244,1.24,0.04
1867,-212.9892,-270.6109,1.23,0.04
1868,-213.1855,-270.7354,1.24,0.04
1869,-212.8548,-270.7413,1.24,0.04
1870,-213.0966,-270.4714,1.23,0.04
1871,-212.9891,-270.5731,1.24,0.04
1872,-212.8795,-270.5146,1.24,0.04
1873,-212.9231,-270.6497,1.23,0.04
1874,-212.9231,-270.6436,1.23,0.04
1875,-212.9718,-270.3492,1.24,0.05
1876,-212.9316,-270.5996,1.23,0.04
1877,-212.8841,-270.4255,1.24,0.04
1878,-212.9638,-270.3688,1.24,0.04
1879,-212.6748,-270.3222,1.24,0.04
1880,-212.7783,-270.6272,1.24,0.05
1881,-212.9015,-270.3106,1.24,0.05
1882,-212.9957,-270.4189,1.24,0.05
1883,-212.9922,-270.4033,1.24,0.04
1884,-212.8944,-270.2538,1.24,0.04
1885,-212.7539,-270.4521,1.24,0.04
1886,-212.8438,-270.5738,1.23,0.04
1887,-212.8507,-270.5938,1.23,0.04
1888,-212.7959,-270.4803,1.24,0.04
1889,-212.6545,-270.4064,1.24,0.04
1890,-212.8258,-270.5023,1.24,0.04
1891,-212.6967,-270.3325,1.24,0.04
1892,-212.9025,-270.3263,1.24,0.04
1893,-212.8136,-270.1673,1.24,0.04
1894,-212.9132,-270.2926,1.24,0.04
1895,-212.8044,-270.3208,1.25,0.04
1896,-212.7289,-270.2926,1.24,0.05
1897,-212.7036,-270.3793,1.24,0.04
1898,-212.8141,-270.5119,1.24,0.04
1899,-212.8612,-270.2493,1.24,0.04
1900,-212.7499,-270.3512,1.25,0.04
1901,-212.7806,-270.3352,1.24,0.04
1902,-212.6222,-270.2479,1.24,0.04
1903,-212.5956,-270.2651,1.24,0.05
1904,-212.9088,-270.1356,1.24,0.04
1905,-213.0431,-270.2535,1.25,0.04
1906,-212.5759,-270.1212,1.25,0.04
1907,-212.8937,-270.1152,1.24,0.04
1908,-212.6536,-270.1986,1.24,0.04
1909,-212.6684,-270.2668,1.23,0.04
1910,-212.7328,-270.3011,1.23,0.04
1911,-212.6196,-270.0928,1.24,0.04
1912,-212.5900,-270.0464,1.25,0.04
1913,-212.5746,-270.0351,1.25,0.04
1914,-212.7577,-270.1106,1.24,0.04
1915,-212.7710,-270.1425,1.24,0.04
1916,-212.4983,-270.2693,1.23,0.04
1917,-212.6098,-270.1218,1.23,0.04
1918,-212.6910,-270.1832,1.23,0.04
1919,-212.6222,-270.1398,1.24,0.04
1920,-212.5023,-270.0775,1.23,0.04
1921,-212.6345,-270.0323,1.23,0.04
1922,-212.5890,-270.0852,1.23,0.04
1923,-212.5673,-270.1930,1.23,0.04
1924,-212.5164,-270.2385,1.23,0.04
1925,-212.5619,-270.1870,1.23,0.04
1926,-212.6338,-270.2360,1.23,0.04
1927,-212.6745,-270.4850,1.23,0.04
1928,-212.5147,-270.3008,1.23,0.04
1929,-212.6243,-270.2580,1.24,0.04
1930,-212.4363,-270.0457,1.23,0.04
1931,-212.4864,-270.2360,1.23,0.04
1932,-212.6939,-270.3248,1.24,0.04
1933,-212.6927,-270.0644,1.23,0.04
1934,-212.8213,-270.2765,1.23,0.04
1935,-212.6240,-270.3411,1.23,0.04
1936,-212.4516,-270.3531,1.24,0.04
1937,-212.5615,-270.1806,1.24,0.04
1938,-212.6259,-270.2784,1.24,0.05
1939,-212.5154,-270.1567,1.24,0.04
1940,-212.4648,-270.1066,1.24,0.04
1941,-212.5973,-270.1705,1.24,0.04
1942,-212.4086,-270.1870,1.24,0.04
1943,-212.3536,-270.3097,1.24,0.04
1944,-212.2777,-269.8980,1.24,0.04
1945,-212.4280,-270.0410,1.24,0.04
1946,-212.4884,-269.9027,1.24,0.04
1947,-212.1489,-269.9410,1.24,0.04
1948,-212.2878,-270.1109,1.24,0.04
1949,-212.3230,-269.8946,1.24,0.04
1950,-212.5613,-269.9006,1.24,0.04
1951,-212.5052,-269.8247,1.23,0.04
1952,-212.3536,-270.0516,1.25,0.04
1953,-212.2883,-269.9584,1.24,0.04
1954,-212.3364,-269.9744,1.24,0.04
1955,-212.3290,-269.8021,1.24,0.04
1956,-212.1946,-269.8762,1.24,0.04
1957,-212.3060,-270.0744,1.24,0.04
1958,-212.3815,-270.0842,1.23,0.04
1959,-212.1713,-270.0077,1.23,0.04
1960,-212.4968,-270.0081,1.25,0.04
1961,-212.3056,-270.0550,1.23,0.04
1962,-212.4212,-270.1749,1.23,0.04
1963,-212.2572,-270.0161,1.23,0.04
1964,-212.2277,-270.0879,1.23,0.04
1965,-212.2841,-270.0573,1.23,0.04
1966,-212.3625,-269.9142,1.24,0.04
1967,-212.4317,-270.0998,1.24,0.04
1968,-212.2559,-270.1381,1.24,0.04
1969,-212.0579,-270.0213,1.24,0.04
1970,-212.1877,-270.1042,1.23,0.04
1971,-212.1939,-269.9810,1.24,0.04
1972,-212.4168,-269.9618,1.23,0.04
1973,-212.2287,-270.0095,1.23,0.04
1974,-212.3589,-270.0433,1.24,0.04
1975,-212.2397,-269.9967,1.23,0.04
1976,-212.1519,-269.8090,1.24,0.04
1977,-212.3552,-269.9909,1.24,0.04
1978,-212.0009,-269.8242,1.24,0.04
1979,-212.1296,-270.1087,1.24,0.04
1980,-212.3156,-270.0178,1.25,0.04
1981,-212.2692,-269.8801,1.25,0.04
1982,-212.4689,-269.9596,1.25,0.04
1983,-212.4378,-269.9787,1.25,0.05
1984,-212.1938,-269.9317,1.24,0.04
1985,-212.5799,-270.0674,1.24,0.04
1986,-212.3216,-269.7424,1.24,0.04
1987,-212.2364,-269.7963,1.25,0.04
1988,-212.2468,-269.8144,1.25,0.04
1989,-212.3004,-269.7097,1.25,0.04
1990,-212.5029,-269.9654,1.25,0.05
1991,-212.2306,-269.8730,1.25,0.04
1992,-212.1929,-270.0632,1.25,0.04
1993,-212.2062,-269.8402,1.25,0.04
1994,-212.1507,-270.0532,1.25,0.04
1995,-212.1257,-270.0451,1.25,0.04
1996,-212.1097,-270.0589,1.24,0.04
1997,-212.0647,-269.9919,1.26,0.04
1998,-212.1707,-269.7969,1.25,0.04
1999,-212.0168,-270.0069,1.25,0.05
2000,-211.9312,-270.0090,1.25,0.04
